[2026-06-28T14:27:07.492+0000] {local_task_job_runner.py:120} INFO - ::group::Pre task execution logs
[2026-06-28T14:27:07.506+0000] {taskinstance.py:2076} INFO - Dependencies all met for dep_context=non-requeueable deps ti=<TaskInstance: urbanmove_nightly_pipeline.spark_clean manual__2026-06-28T14:21:08.536429+00:00 [queued]>
[2026-06-28T14:27:07.509+0000] {taskinstance.py:2076} INFO - Dependencies all met for dep_context=requeueable deps ti=<TaskInstance: urbanmove_nightly_pipeline.spark_clean manual__2026-06-28T14:21:08.536429+00:00 [queued]>
[2026-06-28T14:27:07.509+0000] {taskinstance.py:2306} INFO - Starting attempt 2 of 2
[2026-06-28T14:27:07.513+0000] {taskinstance.py:2330} INFO - Executing <Task(BashOperator): spark_clean> on 2026-06-28 14:21:08.536429+00:00
[2026-06-28T14:27:07.516+0000] {standard_task_runner.py:90} INFO - Running: ['airflow', 'tasks', 'run', 'urbanmove_nightly_pipeline', 'spark_clean', 'manual__2026-06-28T14:21:08.536429+00:00', '--job-id', '18', '--raw', '--subdir', 'DAGS_FOLDER/urbanmove_nightly.py', '--cfg-path', '/tmp/tmp5td1vxkz']
[2026-06-28T14:27:07.517+0000] {standard_task_runner.py:91} INFO - Job 18: Subtask spark_clean
[2026-06-28T14:27:07.517+0000] {logging_mixin.py:188} WARNING - /home/airflow/.local/lib/python3.12/site-packages/airflow/task/task_runner/standard_task_runner.py:61 DeprecationWarning: This process (pid=1373) is multi-threaded, use of fork() may lead to deadlocks in the child.
[2026-06-28T14:27:07.518+0000] {standard_task_runner.py:63} INFO - Started process 1374 to run task
[2026-06-28T14:27:07.539+0000] {task_command.py:426} INFO - Running <TaskInstance: urbanmove_nightly_pipeline.spark_clean manual__2026-06-28T14:21:08.536429+00:00 [running]> on host 2982c3a45458
[2026-06-28T14:27:07.568+0000] {taskinstance.py:2648} INFO - Exporting env vars: AIRFLOW_CTX_DAG_OWNER='urbanmove-de' AIRFLOW_CTX_DAG_ID='urbanmove_nightly_pipeline' AIRFLOW_CTX_TASK_ID='spark_clean' AIRFLOW_CTX_EXECUTION_DATE='2026-06-28T14:21:08.536429+00:00' AIRFLOW_CTX_TRY_NUMBER='2' AIRFLOW_CTX_DAG_RUN_ID='manual__2026-06-28T14:21:08.536429+00:00'
[2026-06-28T14:27:07.568+0000] {taskinstance.py:430} INFO - ::endgroup::
[2026-06-28T14:27:07.574+0000] {subprocess.py:63} INFO - Tmp dir root location: /tmp
[2026-06-28T14:27:07.574+0000] {subprocess.py:75} INFO - Running command: ['/usr/bin/bash', '-c', 'python /opt/airflow/project/ingestion/spark_ingest.py']
[2026-06-28T14:27:07.576+0000] {subprocess.py:86} INFO - Output:
[2026-06-28T14:27:07.606+0000] {subprocess.py:93} INFO - Traceback (most recent call last):
[2026-06-28T14:27:07.606+0000] {subprocess.py:93} INFO -   File "/opt/airflow/project/ingestion/spark_ingest.py", line 1, in <module>
[2026-06-28T14:27:07.607+0000] {subprocess.py:93} INFO -     from pyspark.sql import SparkSession
[2026-06-28T14:27:07.607+0000] {subprocess.py:93} INFO - ModuleNotFoundError: No module named 'pyspark'
[2026-06-28T14:27:07.608+0000] {subprocess.py:97} INFO - Command exited with return code 1
[2026-06-28T14:27:07.608+0000] {taskinstance.py:441} INFO - ::group::Post task execution logs
[2026-06-28T14:27:07.613+0000] {taskinstance.py:2905} ERROR - Task failed with exception
Traceback (most recent call last):
  File "/home/airflow/.local/lib/python3.12/site-packages/airflow/models/taskinstance.py", line 465, in _execute_task
    result = _execute_callable(context=context, **execute_callable_kwargs)
             ^^^^^^^^^^^^^^^^^^^^^^^^^^^^^^^^^^^^^^^^^^^^^^^^^^^^^^^^^^^^^
  File "/home/airflow/.local/lib/python3.12/site-packages/airflow/models/taskinstance.py", line 432, in _execute_callable
    return execute_callable(context=context, **execute_callable_kwargs)
           ^^^^^^^^^^^^^^^^^^^^^^^^^^^^^^^^^^^^^^^^^^^^^^^^^^^^^^^^^^^^
  File "/home/airflow/.local/lib/python3.12/site-packages/airflow/models/baseoperator.py", line 400, in wrapper
    return func(self, *args, **kwargs)
           ^^^^^^^^^^^^^^^^^^^^^^^^^^^
  File "/home/airflow/.local/lib/python3.12/site-packages/airflow/operators/bash.py", line 243, in execute
    raise AirflowException(
airflow.exceptions.AirflowException: Bash command failed. The command returned a non-zero exit code 1.
[2026-06-28T14:27:07.614+0000] {taskinstance.py:1206} INFO - Marking task as FAILED. dag_id=urbanmove_nightly_pipeline, task_id=spark_clean, run_id=manual__2026-06-28T14:21:08.536429+00:00, execution_date=20260628T142108, start_date=20260628T142707, end_date=20260628T142707
[2026-06-28T14:27:07.614+0000] {logging_mixin.py:188} INFO - 
============================================================
[2026-06-28T14:27:07.614+0000] {logging_mixin.py:188} INFO - CRITICAL TASK FAILURE TRIGGERED
[2026-06-28T14:27:07.614+0000] {logging_mixin.py:188} INFO - Task ID:       spark_clean
[2026-06-28T14:27:07.614+0000] {logging_mixin.py:188} INFO - DAG ID:        urbanmove_nightly_pipeline
[2026-06-28T14:27:07.615+0000] {logging_mixin.py:188} INFO - Execution Date: 2026-06-27 02:00:00+00:00
[2026-06-28T14:27:07.615+0000] {logging_mixin.py:188} INFO - ============================================================
[2026-06-28T14:27:07.618+0000] {standard_task_runner.py:110} ERROR - Failed to execute job 18 for task spark_clean (Bash command failed. The command returned a non-zero exit code 1.; 1374)
[2026-06-28T14:27:07.659+0000] {local_task_job_runner.py:240} INFO - Task exited with return code 1
[2026-06-28T14:27:07.669+0000] {taskinstance.py:3498} INFO - 0 downstream tasks scheduled from follow-on schedule check
[2026-06-28T14:27:07.670+0000] {local_task_job_runner.py:222} INFO - ::endgroup::
