[2026-06-27T23:21:51.912+0000] {local_task_job_runner.py:120} INFO - ::group::Pre task execution logs
[2026-06-27T23:21:51.923+0000] {taskinstance.py:2076} INFO - Dependencies all met for dep_context=non-requeueable deps ti=<TaskInstance: urbanmove_nightly_pipeline.ingest manual__2026-06-27T23:21:51.353701+00:00 [queued]>
[2026-06-27T23:21:51.925+0000] {taskinstance.py:2076} INFO - Dependencies all met for dep_context=requeueable deps ti=<TaskInstance: urbanmove_nightly_pipeline.ingest manual__2026-06-27T23:21:51.353701+00:00 [queued]>
[2026-06-27T23:21:51.926+0000] {taskinstance.py:2306} INFO - Starting attempt 1 of 2
[2026-06-27T23:21:51.929+0000] {taskinstance.py:2330} INFO - Executing <Task(BashOperator): ingest> on 2026-06-27 23:21:51.353701+00:00
[2026-06-27T23:21:51.931+0000] {standard_task_runner.py:90} INFO - Running: ['airflow', 'tasks', 'run', 'urbanmove_nightly_pipeline', 'ingest', 'manual__2026-06-27T23:21:51.353701+00:00', '--job-id', '5', '--raw', '--subdir', 'DAGS_FOLDER/urbanmove_nightly.py', '--cfg-path', '/tmp/tmp7h9bbrsp']
[2026-06-27T23:21:51.932+0000] {logging_mixin.py:188} WARNING - /home/airflow/.local/lib/python3.12/site-packages/airflow/task/task_runner/standard_task_runner.py:61 DeprecationWarning: This process (pid=324) is multi-threaded, use of fork() may lead to deadlocks in the child.
[2026-06-27T23:21:51.932+0000] {standard_task_runner.py:91} INFO - Job 5: Subtask ingest
[2026-06-27T23:21:51.933+0000] {standard_task_runner.py:63} INFO - Started process 325 to run task
[2026-06-27T23:21:51.948+0000] {task_command.py:426} INFO - Running <TaskInstance: urbanmove_nightly_pipeline.ingest manual__2026-06-27T23:21:51.353701+00:00 [running]> on host 2982c3a45458
[2026-06-27T23:21:51.973+0000] {taskinstance.py:2648} INFO - Exporting env vars: AIRFLOW_CTX_DAG_OWNER='urbanmove-de' AIRFLOW_CTX_DAG_ID='urbanmove_nightly_pipeline' AIRFLOW_CTX_TASK_ID='ingest' AIRFLOW_CTX_EXECUTION_DATE='2026-06-27T23:21:51.353701+00:00' AIRFLOW_CTX_TRY_NUMBER='1' AIRFLOW_CTX_DAG_RUN_ID='manual__2026-06-27T23:21:51.353701+00:00'
[2026-06-27T23:21:51.973+0000] {taskinstance.py:430} INFO - ::endgroup::
[2026-06-27T23:21:51.978+0000] {subprocess.py:63} INFO - Tmp dir root location: /tmp
[2026-06-27T23:21:51.978+0000] {subprocess.py:75} INFO - Running command: ['/usr/bin/bash', '-c', 'python /opt/airflow/project/ingestion/ingest.py']
[2026-06-27T23:21:51.980+0000] {subprocess.py:86} INFO - Output:
[2026-06-27T23:21:52.300+0000] {subprocess.py:93} INFO - 2026-06-27 23:21:52,298 [INFO] Starting data pipeline...
[2026-06-27T23:21:52.302+0000] {subprocess.py:93} INFO - Loading data from /Users/thameralotaibi/Documents/de-sprint-2026/...
[2026-06-27T23:21:52.304+0000] {subprocess.py:93} INFO - 2026-06-27 23:21:52,300 [ERROR] Pipeline failed:
[2026-06-27T23:21:52.308+0000] {subprocess.py:93} INFO - Traceback (most recent call last):
[2026-06-27T23:21:52.308+0000] {subprocess.py:93} INFO -   File "/opt/airflow/project/ingestion/ingest.py", line 110, in <module>
[2026-06-27T23:21:52.308+0000] {subprocess.py:93} INFO -     df = load_data(PARQUET_PATH)
[2026-06-27T23:21:52.308+0000] {subprocess.py:93} INFO -          ^^^^^^^^^^^^^^^^^^^^^^^
[2026-06-27T23:21:52.308+0000] {subprocess.py:93} INFO -   File "/opt/airflow/project/ingestion/ingest.py", line 35, in load_data
[2026-06-27T23:21:52.308+0000] {subprocess.py:93} INFO -     df = pd.read_parquet(path)
[2026-06-27T23:21:52.308+0000] {subprocess.py:93} INFO -          ^^^^^^^^^^^^^^^^^^^^^
[2026-06-27T23:21:52.308+0000] {subprocess.py:93} INFO -   File "/home/airflow/.local/lib/python3.12/site-packages/pandas/io/parquet.py", line 670, in read_parquet
[2026-06-27T23:21:52.308+0000] {subprocess.py:93} INFO -     return impl.read(
[2026-06-27T23:21:52.308+0000] {subprocess.py:93} INFO -            ^^^^^^^^^^
[2026-06-27T23:21:52.309+0000] {subprocess.py:93} INFO -   File "/home/airflow/.local/lib/python3.12/site-packages/pandas/io/parquet.py", line 265, in read
[2026-06-27T23:21:52.309+0000] {subprocess.py:93} INFO -     path_or_handle, handles, filesystem = _get_path_or_handle(
[2026-06-27T23:21:52.309+0000] {subprocess.py:93} INFO -                                           ^^^^^^^^^^^^^^^^^^^^
[2026-06-27T23:21:52.309+0000] {subprocess.py:93} INFO -   File "/home/airflow/.local/lib/python3.12/site-packages/pandas/io/parquet.py", line 139, in _get_path_or_handle
[2026-06-27T23:21:52.309+0000] {subprocess.py:93} INFO -     handles = get_handle(
[2026-06-27T23:21:52.309+0000] {subprocess.py:93} INFO -               ^^^^^^^^^^^
[2026-06-27T23:21:52.309+0000] {subprocess.py:93} INFO -   File "/home/airflow/.local/lib/python3.12/site-packages/pandas/io/common.py", line 872, in get_handle
[2026-06-27T23:21:52.309+0000] {subprocess.py:93} INFO -     handle = open(handle, ioargs.mode)
[2026-06-27T23:21:52.309+0000] {subprocess.py:93} INFO -              ^^^^^^^^^^^^^^^^^^^^^^^^^
[2026-06-27T23:21:52.309+0000] {subprocess.py:93} INFO - FileNotFoundError: [Errno 2] No such file or directory: '/Users/thameralotaibi/Documents/de-sprint-2026/'
[2026-06-27T23:21:52.327+0000] {subprocess.py:97} INFO - Command exited with return code 1
[2026-06-27T23:21:52.327+0000] {taskinstance.py:441} INFO - ::group::Post task execution logs
[2026-06-27T23:21:52.331+0000] {taskinstance.py:2905} ERROR - Task failed with exception
Traceback (most recent call last):
  File "/home/airflow/.local/lib/python3.12/site-packages/airflow/models/taskinstance.py", line 465, in _execute_task
    result = _execute_callable(context=context, **execute_callable_kwargs)
             ^^^^^^^^^^^^^^^^^^^^^^^^^^^^^^^^^^^^^^^^^^^^^^^^^^^^^^^^^^^^^
  File "/home/airflow/.local/lib/python3.12/site-packages/airflow/models/taskinstance.py", line 432, in _execute_callable
    return execute_callable(context=context, **execute_callable_kwargs)
           ^^^^^^^^^^^^^^^^^^^^^^^^^^^^^^^^^^^^^^^^^^^^^^^^^^^^^^^^^^^^
  File "/home/airflow/.local/lib/python3.12/site-packages/airflow/models/baseoperator.py", line 400, in wrapper
    return func(self, *args, **kwargs)
           ^^^^^^^^^^^^^^^^^^^^^^^^^^^
  File "/home/airflow/.local/lib/python3.12/site-packages/airflow/operators/bash.py", line 243, in execute
    raise AirflowException(
airflow.exceptions.AirflowException: Bash command failed. The command returned a non-zero exit code 1.
[2026-06-27T23:21:52.332+0000] {taskinstance.py:1206} INFO - Marking task as UP_FOR_RETRY. dag_id=urbanmove_nightly_pipeline, task_id=ingest, run_id=manual__2026-06-27T23:21:51.353701+00:00, execution_date=20260627T232151, start_date=20260627T232151, end_date=20260627T232152
[2026-06-27T23:21:52.336+0000] {standard_task_runner.py:110} ERROR - Failed to execute job 5 for task ingest (Bash command failed. The command returned a non-zero exit code 1.; 325)
[2026-06-27T23:21:52.366+0000] {local_task_job_runner.py:240} INFO - Task exited with return code 1
[2026-06-27T23:21:52.373+0000] {taskinstance.py:3498} INFO - 0 downstream tasks scheduled from follow-on schedule check
[2026-06-27T23:21:52.374+0000] {local_task_job_runner.py:222} INFO - ::endgroup::
