[2026-06-27T23:25:59.106+0000] {local_task_job_runner.py:120} INFO - ::group::Pre task execution logs
[2026-06-27T23:25:59.121+0000] {taskinstance.py:2076} INFO - Dependencies all met for dep_context=non-requeueable deps ti=<TaskInstance: urbanmove_nightly_pipeline.ingest manual__2026-06-27T23:21:51.353701+00:00 [queued]>
[2026-06-27T23:25:59.127+0000] {taskinstance.py:2076} INFO - Dependencies all met for dep_context=requeueable deps ti=<TaskInstance: urbanmove_nightly_pipeline.ingest manual__2026-06-27T23:21:51.353701+00:00 [queued]>
[2026-06-27T23:25:59.128+0000] {taskinstance.py:2306} INFO - Starting attempt 2 of 3
[2026-06-27T23:25:59.135+0000] {taskinstance.py:2330} INFO - Executing <Task(BashOperator): ingest> on 2026-06-27 23:21:51.353701+00:00
[2026-06-27T23:25:59.140+0000] {logging_mixin.py:188} WARNING - /home/airflow/.local/lib/python3.12/site-packages/airflow/task/task_runner/standard_task_runner.py:61 DeprecationWarning: This process (pid=390) is multi-threaded, use of fork() may lead to deadlocks in the child.
[2026-06-27T23:25:59.139+0000] {standard_task_runner.py:90} INFO - Running: ['airflow', 'tasks', 'run', 'urbanmove_nightly_pipeline', 'ingest', 'manual__2026-06-27T23:21:51.353701+00:00', '--job-id', '7', '--raw', '--subdir', 'DAGS_FOLDER/urbanmove_nightly.py', '--cfg-path', '/tmp/tmpjv7uonex']
[2026-06-27T23:25:59.141+0000] {standard_task_runner.py:91} INFO - Job 7: Subtask ingest
[2026-06-27T23:25:59.141+0000] {standard_task_runner.py:63} INFO - Started process 391 to run task
[2026-06-27T23:25:59.166+0000] {task_command.py:426} INFO - Running <TaskInstance: urbanmove_nightly_pipeline.ingest manual__2026-06-27T23:21:51.353701+00:00 [running]> on host 2982c3a45458
[2026-06-27T23:25:59.208+0000] {taskinstance.py:2648} INFO - Exporting env vars: AIRFLOW_CTX_DAG_OWNER='urbanmove-de' AIRFLOW_CTX_DAG_ID='urbanmove_nightly_pipeline' AIRFLOW_CTX_TASK_ID='ingest' AIRFLOW_CTX_EXECUTION_DATE='2026-06-27T23:21:51.353701+00:00' AIRFLOW_CTX_TRY_NUMBER='2' AIRFLOW_CTX_DAG_RUN_ID='manual__2026-06-27T23:21:51.353701+00:00'
[2026-06-27T23:25:59.208+0000] {taskinstance.py:430} INFO - ::endgroup::
[2026-06-27T23:25:59.215+0000] {subprocess.py:63} INFO - Tmp dir root location: /tmp
[2026-06-27T23:25:59.216+0000] {subprocess.py:75} INFO - Running command: ['/usr/bin/bash', '-c', 'python /opt/airflow/project/ingestion/ingest.py']
[2026-06-27T23:25:59.219+0000] {subprocess.py:86} INFO - Output:
[2026-06-27T23:25:59.627+0000] {subprocess.py:93} INFO - 2026-06-27 23:25:59,626 [INFO] Starting data pipeline...
[2026-06-27T23:26:00.043+0000] {subprocess.py:93} INFO - Loading data from /opt/airflow/project/data/raw/yellow_tripdata_2026-01.parquet...
[2026-06-27T23:26:00.044+0000] {subprocess.py:93} INFO - Loaded 3,724,889 rows and 20 columns
[2026-06-27T23:26:00.044+0000] {subprocess.py:93} INFO - 2026-06-27 23:26:00,043 [INFO] Data loaded successfully.
[2026-06-27T23:26:00.981+0000] {subprocess.py:93} INFO - Cleaning data...
[2026-06-27T23:26:00.982+0000] {subprocess.py:93} INFO - Rows after cleaning: 2,154,399
[2026-06-27T23:26:00.982+0000] {subprocess.py:93} INFO - 2026-06-27 23:26:00,981 [INFO] Data cleaning complete.
[2026-06-27T23:26:00.983+0000] {subprocess.py:93} INFO - Connecting to PostgreSQL...
[2026-06-27T23:26:00.984+0000] {subprocess.py:93} INFO - 2026-06-27 23:26:00,983 [ERROR] Pipeline failed:
[2026-06-27T23:26:00.984+0000] {subprocess.py:93} INFO - Traceback (most recent call last):
[2026-06-27T23:26:00.984+0000] {subprocess.py:93} INFO -   File "/opt/airflow/project/ingestion/ingest.py", line 116, in <module>
[2026-06-27T23:26:00.984+0000] {subprocess.py:93} INFO -     ingest_to_postgres(df)
[2026-06-27T23:26:00.984+0000] {subprocess.py:93} INFO -   File "/opt/airflow/project/ingestion/ingest.py", line 58, in ingest_to_postgres
[2026-06-27T23:26:00.984+0000] {subprocess.py:93} INFO -     conn = psycopg2.connect(**DB_CONFIG)
[2026-06-27T23:26:00.984+0000] {subprocess.py:93} INFO -            ^^^^^^^^^^^^^^^^^^^^^^^^^^^^^
[2026-06-27T23:26:00.984+0000] {subprocess.py:93} INFO -   File "/home/airflow/.local/lib/python3.12/site-packages/psycopg2/__init__.py", line 122, in connect
[2026-06-27T23:26:00.984+0000] {subprocess.py:93} INFO -     conn = _connect(dsn, connection_factory=connection_factory, **kwasync)
[2026-06-27T23:26:00.985+0000] {subprocess.py:93} INFO -            ^^^^^^^^^^^^^^^^^^^^^^^^^^^^^^^^^^^^^^^^^^^^^^^^^^^^^^^^^^^^^^^
[2026-06-27T23:26:00.985+0000] {subprocess.py:93} INFO - psycopg2.OperationalError: connection to server at "localhost" (::1), port 5432 failed: Connection refused
[2026-06-27T23:26:00.985+0000] {subprocess.py:93} INFO - 	Is the server running on that host and accepting TCP/IP connections?
[2026-06-27T23:26:00.985+0000] {subprocess.py:93} INFO - connection to server at "localhost" (127.0.0.1), port 5432 failed: Connection refused
[2026-06-27T23:26:00.985+0000] {subprocess.py:93} INFO - 	Is the server running on that host and accepting TCP/IP connections?
[2026-06-27T23:26:00.985+0000] {subprocess.py:93} INFO - 
[2026-06-27T23:26:01.034+0000] {subprocess.py:97} INFO - Command exited with return code 1
[2026-06-27T23:26:01.034+0000] {taskinstance.py:441} INFO - ::group::Post task execution logs
[2026-06-27T23:26:01.041+0000] {taskinstance.py:2905} ERROR - Task failed with exception
Traceback (most recent call last):
  File "/home/airflow/.local/lib/python3.12/site-packages/airflow/models/taskinstance.py", line 465, in _execute_task
    result = _execute_callable(context=context, **execute_callable_kwargs)
             ^^^^^^^^^^^^^^^^^^^^^^^^^^^^^^^^^^^^^^^^^^^^^^^^^^^^^^^^^^^^^
  File "/home/airflow/.local/lib/python3.12/site-packages/airflow/models/taskinstance.py", line 432, in _execute_callable
    return execute_callable(context=context, **execute_callable_kwargs)
           ^^^^^^^^^^^^^^^^^^^^^^^^^^^^^^^^^^^^^^^^^^^^^^^^^^^^^^^^^^^^
  File "/home/airflow/.local/lib/python3.12/site-packages/airflow/models/baseoperator.py", line 400, in wrapper
    return func(self, *args, **kwargs)
           ^^^^^^^^^^^^^^^^^^^^^^^^^^^
  File "/home/airflow/.local/lib/python3.12/site-packages/airflow/operators/bash.py", line 243, in execute
    raise AirflowException(
airflow.exceptions.AirflowException: Bash command failed. The command returned a non-zero exit code 1.
[2026-06-27T23:26:01.043+0000] {taskinstance.py:1206} INFO - Marking task as UP_FOR_RETRY. dag_id=urbanmove_nightly_pipeline, task_id=ingest, run_id=manual__2026-06-27T23:21:51.353701+00:00, execution_date=20260627T232151, start_date=20260627T232559, end_date=20260627T232601
[2026-06-27T23:26:01.048+0000] {standard_task_runner.py:110} ERROR - Failed to execute job 7 for task ingest (Bash command failed. The command returned a non-zero exit code 1.; 391)
[2026-06-27T23:26:01.053+0000] {local_task_job_runner.py:240} INFO - Task exited with return code 1
[2026-06-27T23:26:01.064+0000] {taskinstance.py:3498} INFO - 0 downstream tasks scheduled from follow-on schedule check
[2026-06-27T23:26:01.064+0000] {local_task_job_runner.py:222} INFO - ::endgroup::
