[2026-06-27T23:19:15.777+0000] {local_task_job_runner.py:120} INFO - ::group::Pre task execution logs
[2026-06-27T23:19:15.790+0000] {taskinstance.py:2076} INFO - Dependencies all met for dep_context=non-requeueable deps ti=<TaskInstance: urbanmove_nightly_pipeline.ingest scheduled__2026-06-26T02:00:00+00:00 [queued]>
[2026-06-27T23:19:15.792+0000] {taskinstance.py:2076} INFO - Dependencies all met for dep_context=requeueable deps ti=<TaskInstance: urbanmove_nightly_pipeline.ingest scheduled__2026-06-26T02:00:00+00:00 [queued]>
[2026-06-27T23:19:15.793+0000] {taskinstance.py:2306} INFO - Starting attempt 1 of 2
[2026-06-27T23:19:15.797+0000] {taskinstance.py:2330} INFO - Executing <Task(BashOperator): ingest> on 2026-06-26 02:00:00+00:00
[2026-06-27T23:19:15.800+0000] {standard_task_runner.py:90} INFO - Running: ['airflow', 'tasks', 'run', 'urbanmove_nightly_pipeline', 'ingest', 'scheduled__2026-06-26T02:00:00+00:00', '--job-id', '3', '--raw', '--subdir', 'DAGS_FOLDER/urbanmove_nightly.py', '--cfg-path', '/tmp/tmpr51fq8vy']
[2026-06-27T23:19:15.801+0000] {logging_mixin.py:188} WARNING - /home/airflow/.local/lib/python3.12/site-packages/airflow/task/task_runner/standard_task_runner.py:61 DeprecationWarning: This process (pid=273) is multi-threaded, use of fork() may lead to deadlocks in the child.
[2026-06-27T23:19:15.801+0000] {standard_task_runner.py:91} INFO - Job 3: Subtask ingest
[2026-06-27T23:19:15.801+0000] {standard_task_runner.py:63} INFO - Started process 274 to run task
[2026-06-27T23:19:15.823+0000] {task_command.py:426} INFO - Running <TaskInstance: urbanmove_nightly_pipeline.ingest scheduled__2026-06-26T02:00:00+00:00 [running]> on host 2982c3a45458
[2026-06-27T23:19:15.854+0000] {taskinstance.py:2648} INFO - Exporting env vars: AIRFLOW_CTX_DAG_OWNER='urbanmove-de' AIRFLOW_CTX_DAG_ID='urbanmove_nightly_pipeline' AIRFLOW_CTX_TASK_ID='ingest' AIRFLOW_CTX_EXECUTION_DATE='2026-06-26T02:00:00+00:00' AIRFLOW_CTX_TRY_NUMBER='1' AIRFLOW_CTX_DAG_RUN_ID='scheduled__2026-06-26T02:00:00+00:00'
[2026-06-27T23:19:15.855+0000] {taskinstance.py:430} INFO - ::endgroup::
[2026-06-27T23:19:15.869+0000] {subprocess.py:63} INFO - Tmp dir root location: /tmp
[2026-06-27T23:19:15.870+0000] {subprocess.py:75} INFO - Running command: ['/usr/bin/bash', '-c', 'python /opt/airflow/project/ingestion/ingest.py']
[2026-06-27T23:19:15.872+0000] {subprocess.py:86} INFO - Output:
[2026-06-27T23:19:16.264+0000] {subprocess.py:93} INFO - 2026-06-27 23:19:16,264 [INFO] Starting data pipeline...
[2026-06-27T23:19:16.273+0000] {subprocess.py:93} INFO - Loading data from /Users/thameralotaibi/Documents/de-sprint-2026/...
[2026-06-27T23:19:16.276+0000] {subprocess.py:93} INFO - 2026-06-27 23:19:16,272 [ERROR] Pipeline failed:
[2026-06-27T23:19:16.277+0000] {subprocess.py:93} INFO - Traceback (most recent call last):
[2026-06-27T23:19:16.277+0000] {subprocess.py:93} INFO -   File "/opt/airflow/project/ingestion/ingest.py", line 110, in <module>
[2026-06-27T23:19:16.277+0000] {subprocess.py:93} INFO -     df = load_data(PARQUET_PATH)
[2026-06-27T23:19:16.279+0000] {subprocess.py:93} INFO -          ^^^^^^^^^^^^^^^^^^^^^^^
[2026-06-27T23:19:16.280+0000] {subprocess.py:93} INFO -   File "/opt/airflow/project/ingestion/ingest.py", line 35, in load_data
[2026-06-27T23:19:16.280+0000] {subprocess.py:93} INFO -     df = pd.read_parquet(path)
[2026-06-27T23:19:16.280+0000] {subprocess.py:93} INFO -          ^^^^^^^^^^^^^^^^^^^^^
[2026-06-27T23:19:16.280+0000] {subprocess.py:93} INFO -   File "/home/airflow/.local/lib/python3.12/site-packages/pandas/io/parquet.py", line 670, in read_parquet
[2026-06-27T23:19:16.280+0000] {subprocess.py:93} INFO -     return impl.read(
[2026-06-27T23:19:16.280+0000] {subprocess.py:93} INFO -            ^^^^^^^^^^
[2026-06-27T23:19:16.280+0000] {subprocess.py:93} INFO -   File "/home/airflow/.local/lib/python3.12/site-packages/pandas/io/parquet.py", line 265, in read
[2026-06-27T23:19:16.280+0000] {subprocess.py:93} INFO -     path_or_handle, handles, filesystem = _get_path_or_handle(
[2026-06-27T23:19:16.280+0000] {subprocess.py:93} INFO -                                           ^^^^^^^^^^^^^^^^^^^^
[2026-06-27T23:19:16.280+0000] {subprocess.py:93} INFO -   File "/home/airflow/.local/lib/python3.12/site-packages/pandas/io/parquet.py", line 139, in _get_path_or_handle
[2026-06-27T23:19:16.280+0000] {subprocess.py:93} INFO -     handles = get_handle(
[2026-06-27T23:19:16.280+0000] {subprocess.py:93} INFO -               ^^^^^^^^^^^
[2026-06-27T23:19:16.280+0000] {subprocess.py:93} INFO -   File "/home/airflow/.local/lib/python3.12/site-packages/pandas/io/common.py", line 872, in get_handle
[2026-06-27T23:19:16.280+0000] {subprocess.py:93} INFO -     handle = open(handle, ioargs.mode)
[2026-06-27T23:19:16.280+0000] {subprocess.py:93} INFO -              ^^^^^^^^^^^^^^^^^^^^^^^^^
[2026-06-27T23:19:16.281+0000] {subprocess.py:93} INFO - FileNotFoundError: [Errno 2] No such file or directory: '/Users/thameralotaibi/Documents/de-sprint-2026/'
[2026-06-27T23:19:16.302+0000] {subprocess.py:97} INFO - Command exited with return code 1
[2026-06-27T23:19:16.302+0000] {taskinstance.py:441} INFO - ::group::Post task execution logs
[2026-06-27T23:19:16.307+0000] {taskinstance.py:2905} ERROR - Task failed with exception
Traceback (most recent call last):
  File "/home/airflow/.local/lib/python3.12/site-packages/airflow/models/taskinstance.py", line 465, in _execute_task
    result = _execute_callable(context=context, **execute_callable_kwargs)
             ^^^^^^^^^^^^^^^^^^^^^^^^^^^^^^^^^^^^^^^^^^^^^^^^^^^^^^^^^^^^^
  File "/home/airflow/.local/lib/python3.12/site-packages/airflow/models/taskinstance.py", line 432, in _execute_callable
    return execute_callable(context=context, **execute_callable_kwargs)
           ^^^^^^^^^^^^^^^^^^^^^^^^^^^^^^^^^^^^^^^^^^^^^^^^^^^^^^^^^^^^
  File "/home/airflow/.local/lib/python3.12/site-packages/airflow/models/baseoperator.py", line 400, in wrapper
    return func(self, *args, **kwargs)
           ^^^^^^^^^^^^^^^^^^^^^^^^^^^
  File "/home/airflow/.local/lib/python3.12/site-packages/airflow/operators/bash.py", line 243, in execute
    raise AirflowException(
airflow.exceptions.AirflowException: Bash command failed. The command returned a non-zero exit code 1.
[2026-06-27T23:19:16.309+0000] {taskinstance.py:1206} INFO - Marking task as UP_FOR_RETRY. dag_id=urbanmove_nightly_pipeline, task_id=ingest, run_id=scheduled__2026-06-26T02:00:00+00:00, execution_date=20260626T020000, start_date=20260627T231915, end_date=20260627T231916
[2026-06-27T23:19:16.314+0000] {standard_task_runner.py:110} ERROR - Failed to execute job 3 for task ingest (Bash command failed. The command returned a non-zero exit code 1.; 274)
[2026-06-27T23:19:16.353+0000] {local_task_job_runner.py:240} INFO - Task exited with return code 1
[2026-06-27T23:19:16.364+0000] {taskinstance.py:3498} INFO - 0 downstream tasks scheduled from follow-on schedule check
[2026-06-27T23:19:16.365+0000] {local_task_job_runner.py:222} INFO - ::endgroup::
[2026-06-27T23:22:02.480+0000] {local_task_job_runner.py:120} INFO - ::group::Pre task execution logs
[2026-06-27T23:22:02.490+0000] {taskinstance.py:2076} INFO - Dependencies all met for dep_context=non-requeueable deps ti=<TaskInstance: urbanmove_nightly_pipeline.ingest scheduled__2026-06-26T02:00:00+00:00 [queued]>
[2026-06-27T23:22:02.492+0000] {taskinstance.py:2076} INFO - Dependencies all met for dep_context=requeueable deps ti=<TaskInstance: urbanmove_nightly_pipeline.ingest scheduled__2026-06-26T02:00:00+00:00 [queued]>
[2026-06-27T23:22:02.492+0000] {taskinstance.py:2306} INFO - Starting attempt 1 of 2
[2026-06-27T23:22:02.495+0000] {taskinstance.py:2330} INFO - Executing <Task(BashOperator): ingest> on 2026-06-26 02:00:00+00:00
[2026-06-27T23:22:02.497+0000] {standard_task_runner.py:90} INFO - Running: ['airflow', 'tasks', 'run', 'urbanmove_nightly_pipeline', 'ingest', 'scheduled__2026-06-26T02:00:00+00:00', '--job-id', '6', '--raw', '--subdir', 'DAGS_FOLDER/urbanmove_nightly.py', '--cfg-path', '/tmp/tmpzy4_q78a']
[2026-06-27T23:22:02.498+0000] {standard_task_runner.py:91} INFO - Job 6: Subtask ingest
[2026-06-27T23:22:02.498+0000] {logging_mixin.py:188} WARNING - /home/airflow/.local/lib/python3.12/site-packages/airflow/task/task_runner/standard_task_runner.py:61 DeprecationWarning: This process (pid=342) is multi-threaded, use of fork() may lead to deadlocks in the child.
[2026-06-27T23:22:02.499+0000] {standard_task_runner.py:63} INFO - Started process 343 to run task
[2026-06-27T23:22:02.514+0000] {task_command.py:426} INFO - Running <TaskInstance: urbanmove_nightly_pipeline.ingest scheduled__2026-06-26T02:00:00+00:00 [running]> on host 2982c3a45458
[2026-06-27T23:22:02.539+0000] {taskinstance.py:2648} INFO - Exporting env vars: AIRFLOW_CTX_DAG_OWNER='urbanmove-de' AIRFLOW_CTX_DAG_ID='urbanmove_nightly_pipeline' AIRFLOW_CTX_TASK_ID='ingest' AIRFLOW_CTX_EXECUTION_DATE='2026-06-26T02:00:00+00:00' AIRFLOW_CTX_TRY_NUMBER='1' AIRFLOW_CTX_DAG_RUN_ID='scheduled__2026-06-26T02:00:00+00:00'
[2026-06-27T23:22:02.539+0000] {taskinstance.py:430} INFO - ::endgroup::
[2026-06-27T23:22:02.544+0000] {subprocess.py:63} INFO - Tmp dir root location: /tmp
[2026-06-27T23:22:02.544+0000] {subprocess.py:75} INFO - Running command: ['/usr/bin/bash', '-c', 'python /opt/airflow/project/ingestion/ingest.py']
[2026-06-27T23:22:02.546+0000] {subprocess.py:86} INFO - Output:
[2026-06-27T23:22:02.978+0000] {subprocess.py:93} INFO - 2026-06-27 23:22:02,978 [INFO] Starting data pipeline...
[2026-06-27T23:22:02.982+0000] {subprocess.py:93} INFO - Loading data from /Users/thameralotaibi/Documents/de-sprint-2026/...
[2026-06-27T23:22:02.982+0000] {subprocess.py:93} INFO - 2026-06-27 23:22:02,981 [ERROR] Pipeline failed:
[2026-06-27T23:22:02.983+0000] {subprocess.py:93} INFO - Traceback (most recent call last):
[2026-06-27T23:22:02.983+0000] {subprocess.py:93} INFO -   File "/opt/airflow/project/ingestion/ingest.py", line 110, in <module>
[2026-06-27T23:22:02.983+0000] {subprocess.py:93} INFO -     df = load_data(PARQUET_PATH)
[2026-06-27T23:22:02.984+0000] {subprocess.py:93} INFO -          ^^^^^^^^^^^^^^^^^^^^^^^
[2026-06-27T23:22:02.984+0000] {subprocess.py:93} INFO -   File "/opt/airflow/project/ingestion/ingest.py", line 35, in load_data
[2026-06-27T23:22:02.984+0000] {subprocess.py:93} INFO -     df = pd.read_parquet(path)
[2026-06-27T23:22:02.984+0000] {subprocess.py:93} INFO -          ^^^^^^^^^^^^^^^^^^^^^
[2026-06-27T23:22:02.984+0000] {subprocess.py:93} INFO -   File "/home/airflow/.local/lib/python3.12/site-packages/pandas/io/parquet.py", line 670, in read_parquet
[2026-06-27T23:22:02.985+0000] {subprocess.py:93} INFO -     return impl.read(
[2026-06-27T23:22:02.985+0000] {subprocess.py:93} INFO -            ^^^^^^^^^^
[2026-06-27T23:22:02.985+0000] {subprocess.py:93} INFO -   File "/home/airflow/.local/lib/python3.12/site-packages/pandas/io/parquet.py", line 265, in read
[2026-06-27T23:22:02.985+0000] {subprocess.py:93} INFO -     path_or_handle, handles, filesystem = _get_path_or_handle(
[2026-06-27T23:22:02.985+0000] {subprocess.py:93} INFO -                                           ^^^^^^^^^^^^^^^^^^^^
[2026-06-27T23:22:02.985+0000] {subprocess.py:93} INFO -   File "/home/airflow/.local/lib/python3.12/site-packages/pandas/io/parquet.py", line 139, in _get_path_or_handle
[2026-06-27T23:22:02.986+0000] {subprocess.py:93} INFO -     handles = get_handle(
[2026-06-27T23:22:02.986+0000] {subprocess.py:93} INFO -               ^^^^^^^^^^^
[2026-06-27T23:22:02.986+0000] {subprocess.py:93} INFO -   File "/home/airflow/.local/lib/python3.12/site-packages/pandas/io/common.py", line 872, in get_handle
[2026-06-27T23:22:02.986+0000] {subprocess.py:93} INFO -     handle = open(handle, ioargs.mode)
[2026-06-27T23:22:02.986+0000] {subprocess.py:93} INFO -              ^^^^^^^^^^^^^^^^^^^^^^^^^
[2026-06-27T23:22:02.986+0000] {subprocess.py:93} INFO - FileNotFoundError: [Errno 2] No such file or directory: '/Users/thameralotaibi/Documents/de-sprint-2026/'
[2026-06-27T23:22:03.030+0000] {subprocess.py:97} INFO - Command exited with return code 1
[2026-06-27T23:22:03.031+0000] {taskinstance.py:441} INFO - ::group::Post task execution logs
[2026-06-27T23:22:03.043+0000] {taskinstance.py:2905} ERROR - Task failed with exception
Traceback (most recent call last):
  File "/home/airflow/.local/lib/python3.12/site-packages/airflow/models/taskinstance.py", line 465, in _execute_task
    result = _execute_callable(context=context, **execute_callable_kwargs)
             ^^^^^^^^^^^^^^^^^^^^^^^^^^^^^^^^^^^^^^^^^^^^^^^^^^^^^^^^^^^^^
  File "/home/airflow/.local/lib/python3.12/site-packages/airflow/models/taskinstance.py", line 432, in _execute_callable
    return execute_callable(context=context, **execute_callable_kwargs)
           ^^^^^^^^^^^^^^^^^^^^^^^^^^^^^^^^^^^^^^^^^^^^^^^^^^^^^^^^^^^^
  File "/home/airflow/.local/lib/python3.12/site-packages/airflow/models/baseoperator.py", line 400, in wrapper
    return func(self, *args, **kwargs)
           ^^^^^^^^^^^^^^^^^^^^^^^^^^^
  File "/home/airflow/.local/lib/python3.12/site-packages/airflow/operators/bash.py", line 243, in execute
    raise AirflowException(
airflow.exceptions.AirflowException: Bash command failed. The command returned a non-zero exit code 1.
[2026-06-27T23:22:03.048+0000] {taskinstance.py:1206} INFO - Marking task as UP_FOR_RETRY. dag_id=urbanmove_nightly_pipeline, task_id=ingest, run_id=scheduled__2026-06-26T02:00:00+00:00, execution_date=20260626T020000, start_date=20260627T232202, end_date=20260627T232203
[2026-06-27T23:22:03.057+0000] {standard_task_runner.py:110} ERROR - Failed to execute job 6 for task ingest (Bash command failed. The command returned a non-zero exit code 1.; 343)
[2026-06-27T23:22:03.097+0000] {local_task_job_runner.py:240} INFO - Task exited with return code 1
[2026-06-27T23:22:03.106+0000] {taskinstance.py:3498} INFO - 0 downstream tasks scheduled from follow-on schedule check
[2026-06-27T23:22:03.106+0000] {local_task_job_runner.py:222} INFO - ::endgroup::
[2026-06-27T23:26:34.325+0000] {local_task_job_runner.py:120} INFO - ::group::Pre task execution logs
[2026-06-27T23:26:34.336+0000] {taskinstance.py:2076} INFO - Dependencies all met for dep_context=non-requeueable deps ti=<TaskInstance: urbanmove_nightly_pipeline.ingest scheduled__2026-06-26T02:00:00+00:00 [queued]>
[2026-06-27T23:26:34.339+0000] {taskinstance.py:2076} INFO - Dependencies all met for dep_context=requeueable deps ti=<TaskInstance: urbanmove_nightly_pipeline.ingest scheduled__2026-06-26T02:00:00+00:00 [queued]>
[2026-06-27T23:26:34.339+0000] {taskinstance.py:2306} INFO - Starting attempt 1 of 2
[2026-06-27T23:26:34.343+0000] {taskinstance.py:2330} INFO - Executing <Task(BashOperator): ingest> on 2026-06-26 02:00:00+00:00
[2026-06-27T23:26:34.345+0000] {standard_task_runner.py:90} INFO - Running: ['airflow', 'tasks', 'run', 'urbanmove_nightly_pipeline', 'ingest', 'scheduled__2026-06-26T02:00:00+00:00', '--job-id', '9', '--raw', '--subdir', 'DAGS_FOLDER/urbanmove_nightly.py', '--cfg-path', '/tmp/tmpzh7lev9o']
[2026-06-27T23:26:34.346+0000] {standard_task_runner.py:91} INFO - Job 9: Subtask ingest
[2026-06-27T23:26:34.346+0000] {logging_mixin.py:188} WARNING - /home/airflow/.local/lib/python3.12/site-packages/airflow/task/task_runner/standard_task_runner.py:61 DeprecationWarning: This process (pid=456) is multi-threaded, use of fork() may lead to deadlocks in the child.
[2026-06-27T23:26:34.347+0000] {standard_task_runner.py:63} INFO - Started process 457 to run task
[2026-06-27T23:26:34.364+0000] {task_command.py:426} INFO - Running <TaskInstance: urbanmove_nightly_pipeline.ingest scheduled__2026-06-26T02:00:00+00:00 [running]> on host 2982c3a45458
[2026-06-27T23:26:34.392+0000] {taskinstance.py:2648} INFO - Exporting env vars: AIRFLOW_CTX_DAG_OWNER='urbanmove-de' AIRFLOW_CTX_DAG_ID='urbanmove_nightly_pipeline' AIRFLOW_CTX_TASK_ID='ingest' AIRFLOW_CTX_EXECUTION_DATE='2026-06-26T02:00:00+00:00' AIRFLOW_CTX_TRY_NUMBER='1' AIRFLOW_CTX_DAG_RUN_ID='scheduled__2026-06-26T02:00:00+00:00'
[2026-06-27T23:26:34.392+0000] {taskinstance.py:430} INFO - ::endgroup::
[2026-06-27T23:26:34.397+0000] {subprocess.py:63} INFO - Tmp dir root location: /tmp
[2026-06-27T23:26:34.398+0000] {subprocess.py:75} INFO - Running command: ['/usr/bin/bash', '-c', 'python /opt/airflow/project/ingestion/ingest.py']
[2026-06-27T23:26:34.400+0000] {subprocess.py:86} INFO - Output:
[2026-06-27T23:26:34.770+0000] {subprocess.py:93} INFO - 2026-06-27 23:26:34,770 [INFO] Starting data pipeline...
[2026-06-27T23:26:34.907+0000] {subprocess.py:93} INFO - Loading data from /opt/airflow/project/data/raw/yellow_tripdata_2026-01.parquet...
[2026-06-27T23:26:34.907+0000] {subprocess.py:93} INFO - Loaded 3,724,889 rows and 20 columns
[2026-06-27T23:26:34.907+0000] {subprocess.py:93} INFO - 2026-06-27 23:26:34,907 [INFO] Data loaded successfully.
[2026-06-27T23:26:35.725+0000] {subprocess.py:93} INFO - Cleaning data...
[2026-06-27T23:26:35.726+0000] {subprocess.py:93} INFO - Rows after cleaning: 2,154,399
[2026-06-27T23:26:35.726+0000] {subprocess.py:93} INFO - 2026-06-27 23:26:35,725 [INFO] Data cleaning complete.
[2026-06-27T23:26:35.726+0000] {subprocess.py:93} INFO - Connecting to PostgreSQL...
[2026-06-27T23:26:35.727+0000] {subprocess.py:93} INFO - 2026-06-27 23:26:35,726 [ERROR] Pipeline failed:
[2026-06-27T23:26:35.727+0000] {subprocess.py:93} INFO - Traceback (most recent call last):
[2026-06-27T23:26:35.727+0000] {subprocess.py:93} INFO -   File "/opt/airflow/project/ingestion/ingest.py", line 116, in <module>
[2026-06-27T23:26:35.727+0000] {subprocess.py:93} INFO -     ingest_to_postgres(df)
[2026-06-27T23:26:35.727+0000] {subprocess.py:93} INFO -   File "/opt/airflow/project/ingestion/ingest.py", line 58, in ingest_to_postgres
[2026-06-27T23:26:35.727+0000] {subprocess.py:93} INFO -     conn = psycopg2.connect(**DB_CONFIG)
[2026-06-27T23:26:35.727+0000] {subprocess.py:93} INFO -            ^^^^^^^^^^^^^^^^^^^^^^^^^^^^^
[2026-06-27T23:26:35.727+0000] {subprocess.py:93} INFO -   File "/home/airflow/.local/lib/python3.12/site-packages/psycopg2/__init__.py", line 122, in connect
[2026-06-27T23:26:35.727+0000] {subprocess.py:93} INFO -     conn = _connect(dsn, connection_factory=connection_factory, **kwasync)
[2026-06-27T23:26:35.727+0000] {subprocess.py:93} INFO -            ^^^^^^^^^^^^^^^^^^^^^^^^^^^^^^^^^^^^^^^^^^^^^^^^^^^^^^^^^^^^^^^
[2026-06-27T23:26:35.728+0000] {subprocess.py:93} INFO - psycopg2.OperationalError: connection to server at "localhost" (::1), port 5432 failed: Connection refused
[2026-06-27T23:26:35.728+0000] {subprocess.py:93} INFO - 	Is the server running on that host and accepting TCP/IP connections?
[2026-06-27T23:26:35.728+0000] {subprocess.py:93} INFO - connection to server at "localhost" (127.0.0.1), port 5432 failed: Connection refused
[2026-06-27T23:26:35.728+0000] {subprocess.py:93} INFO - 	Is the server running on that host and accepting TCP/IP connections?
[2026-06-27T23:26:35.728+0000] {subprocess.py:93} INFO - 
[2026-06-27T23:26:35.771+0000] {subprocess.py:97} INFO - Command exited with return code 1
[2026-06-27T23:26:35.772+0000] {taskinstance.py:441} INFO - ::group::Post task execution logs
[2026-06-27T23:26:35.777+0000] {taskinstance.py:2905} ERROR - Task failed with exception
Traceback (most recent call last):
  File "/home/airflow/.local/lib/python3.12/site-packages/airflow/models/taskinstance.py", line 465, in _execute_task
    result = _execute_callable(context=context, **execute_callable_kwargs)
             ^^^^^^^^^^^^^^^^^^^^^^^^^^^^^^^^^^^^^^^^^^^^^^^^^^^^^^^^^^^^^
  File "/home/airflow/.local/lib/python3.12/site-packages/airflow/models/taskinstance.py", line 432, in _execute_callable
    return execute_callable(context=context, **execute_callable_kwargs)
           ^^^^^^^^^^^^^^^^^^^^^^^^^^^^^^^^^^^^^^^^^^^^^^^^^^^^^^^^^^^^
  File "/home/airflow/.local/lib/python3.12/site-packages/airflow/models/baseoperator.py", line 400, in wrapper
    return func(self, *args, **kwargs)
           ^^^^^^^^^^^^^^^^^^^^^^^^^^^
  File "/home/airflow/.local/lib/python3.12/site-packages/airflow/operators/bash.py", line 243, in execute
    raise AirflowException(
airflow.exceptions.AirflowException: Bash command failed. The command returned a non-zero exit code 1.
[2026-06-27T23:26:35.779+0000] {taskinstance.py:1206} INFO - Marking task as UP_FOR_RETRY. dag_id=urbanmove_nightly_pipeline, task_id=ingest, run_id=scheduled__2026-06-26T02:00:00+00:00, execution_date=20260626T020000, start_date=20260627T232634, end_date=20260627T232635
[2026-06-27T23:26:35.784+0000] {standard_task_runner.py:110} ERROR - Failed to execute job 9 for task ingest (Bash command failed. The command returned a non-zero exit code 1.; 457)
[2026-06-27T23:26:35.806+0000] {local_task_job_runner.py:240} INFO - Task exited with return code 1
[2026-06-27T23:26:35.818+0000] {taskinstance.py:3498} INFO - 0 downstream tasks scheduled from follow-on schedule check
[2026-06-27T23:26:35.819+0000] {local_task_job_runner.py:222} INFO - ::endgroup::
[2026-06-27T23:31:36.990+0000] {local_task_job_runner.py:120} INFO - ::group::Pre task execution logs
[2026-06-27T23:31:37.004+0000] {taskinstance.py:2076} INFO - Dependencies all met for dep_context=non-requeueable deps ti=<TaskInstance: urbanmove_nightly_pipeline.ingest scheduled__2026-06-26T02:00:00+00:00 [queued]>
[2026-06-27T23:31:37.007+0000] {taskinstance.py:2076} INFO - Dependencies all met for dep_context=requeueable deps ti=<TaskInstance: urbanmove_nightly_pipeline.ingest scheduled__2026-06-26T02:00:00+00:00 [queued]>
[2026-06-27T23:31:37.007+0000] {taskinstance.py:2306} INFO - Starting attempt 1 of 2
[2026-06-27T23:31:37.011+0000] {taskinstance.py:2330} INFO - Executing <Task(BashOperator): ingest> on 2026-06-26 02:00:00+00:00
[2026-06-27T23:31:37.014+0000] {standard_task_runner.py:90} INFO - Running: ['airflow', 'tasks', 'run', 'urbanmove_nightly_pipeline', 'ingest', 'scheduled__2026-06-26T02:00:00+00:00', '--job-id', '10', '--raw', '--subdir', 'DAGS_FOLDER/urbanmove_nightly.py', '--cfg-path', '/tmp/tmppizdighl']
[2026-06-27T23:31:37.015+0000] {standard_task_runner.py:91} INFO - Job 10: Subtask ingest
[2026-06-27T23:31:37.015+0000] {logging_mixin.py:188} WARNING - /home/airflow/.local/lib/python3.12/site-packages/airflow/task/task_runner/standard_task_runner.py:61 DeprecationWarning: This process (pid=534) is multi-threaded, use of fork() may lead to deadlocks in the child.
[2026-06-27T23:31:37.016+0000] {standard_task_runner.py:63} INFO - Started process 536 to run task
[2026-06-27T23:31:37.037+0000] {task_command.py:426} INFO - Running <TaskInstance: urbanmove_nightly_pipeline.ingest scheduled__2026-06-26T02:00:00+00:00 [running]> on host 2982c3a45458
[2026-06-27T23:31:37.070+0000] {taskinstance.py:2648} INFO - Exporting env vars: AIRFLOW_CTX_DAG_OWNER='urbanmove-de' AIRFLOW_CTX_DAG_ID='urbanmove_nightly_pipeline' AIRFLOW_CTX_TASK_ID='ingest' AIRFLOW_CTX_EXECUTION_DATE='2026-06-26T02:00:00+00:00' AIRFLOW_CTX_TRY_NUMBER='1' AIRFLOW_CTX_DAG_RUN_ID='scheduled__2026-06-26T02:00:00+00:00'
[2026-06-27T23:31:37.071+0000] {taskinstance.py:430} INFO - ::endgroup::
[2026-06-27T23:31:37.079+0000] {subprocess.py:63} INFO - Tmp dir root location: /tmp
[2026-06-27T23:31:37.079+0000] {subprocess.py:75} INFO - Running command: ['/usr/bin/bash', '-c', 'python /opt/airflow/project/ingestion/ingest.py']
[2026-06-27T23:31:37.082+0000] {subprocess.py:86} INFO - Output:
[2026-06-27T23:31:37.493+0000] {subprocess.py:93} INFO - 2026-06-27 23:31:37,493 [INFO] Starting data pipeline...
[2026-06-27T23:31:38.853+0000] {subprocess.py:93} INFO - Loading data from /opt/airflow/project/data/raw/yellow_tripdata_2026-01.parquet...
[2026-06-27T23:31:38.855+0000] {subprocess.py:93} INFO - Loaded 3,724,889 rows and 20 columns
[2026-06-27T23:31:38.855+0000] {subprocess.py:93} INFO - 2026-06-27 23:31:38,851 [INFO] Data loaded successfully.
[2026-06-27T23:31:40.170+0000] {subprocess.py:93} INFO - Cleaning data...
[2026-06-27T23:31:40.171+0000] {subprocess.py:93} INFO - Rows after cleaning: 2,154,399
[2026-06-27T23:31:40.171+0000] {subprocess.py:93} INFO - 2026-06-27 23:31:40,169 [INFO] Data cleaning complete.
[2026-06-27T23:31:40.209+0000] {subprocess.py:93} INFO - Connecting to PostgreSQL...
[2026-06-27T23:31:40.210+0000] {subprocess.py:93} INFO - Inserting rows — this will take just a few seconds...
[2026-06-27T23:31:40.210+0000] {subprocess.py:93} INFO - 2026-06-27 23:31:40,190 [ERROR] Pipeline failed:
[2026-06-27T23:31:40.210+0000] {subprocess.py:93} INFO - Traceback (most recent call last):
[2026-06-27T23:31:40.210+0000] {subprocess.py:93} INFO -   File "/opt/airflow/project/ingestion/ingest.py", line 116, in <module>
[2026-06-27T23:31:40.210+0000] {subprocess.py:93} INFO -     ingest_to_postgres(df)
[2026-06-27T23:31:40.210+0000] {subprocess.py:93} INFO -   File "/opt/airflow/project/ingestion/ingest.py", line 62, in ingest_to_postgres
[2026-06-27T23:31:40.210+0000] {subprocess.py:93} INFO -     cursor.execute("""
[2026-06-27T23:31:40.211+0000] {subprocess.py:93} INFO - psycopg2.errors.DependentObjectsStillExist: cannot drop table yellow_trips because other objects depend on it
[2026-06-27T23:31:40.211+0000] {subprocess.py:93} INFO - DETAIL:  view dbt_dev.stg_yellow_trips depends on table yellow_trips
[2026-06-27T23:31:40.211+0000] {subprocess.py:93} INFO - HINT:  Use DROP ... CASCADE to drop the dependent objects too.
[2026-06-27T23:31:40.211+0000] {subprocess.py:93} INFO - 
[2026-06-27T23:31:40.333+0000] {subprocess.py:97} INFO - Command exited with return code 1
[2026-06-27T23:31:40.337+0000] {taskinstance.py:441} INFO - ::group::Post task execution logs
[2026-06-27T23:31:40.343+0000] {taskinstance.py:2905} ERROR - Task failed with exception
Traceback (most recent call last):
  File "/home/airflow/.local/lib/python3.12/site-packages/airflow/models/taskinstance.py", line 465, in _execute_task
    result = _execute_callable(context=context, **execute_callable_kwargs)
             ^^^^^^^^^^^^^^^^^^^^^^^^^^^^^^^^^^^^^^^^^^^^^^^^^^^^^^^^^^^^^
  File "/home/airflow/.local/lib/python3.12/site-packages/airflow/models/taskinstance.py", line 432, in _execute_callable
    return execute_callable(context=context, **execute_callable_kwargs)
           ^^^^^^^^^^^^^^^^^^^^^^^^^^^^^^^^^^^^^^^^^^^^^^^^^^^^^^^^^^^^
  File "/home/airflow/.local/lib/python3.12/site-packages/airflow/models/baseoperator.py", line 400, in wrapper
    return func(self, *args, **kwargs)
           ^^^^^^^^^^^^^^^^^^^^^^^^^^^
  File "/home/airflow/.local/lib/python3.12/site-packages/airflow/operators/bash.py", line 243, in execute
    raise AirflowException(
airflow.exceptions.AirflowException: Bash command failed. The command returned a non-zero exit code 1.
[2026-06-27T23:31:40.344+0000] {taskinstance.py:1206} INFO - Marking task as UP_FOR_RETRY. dag_id=urbanmove_nightly_pipeline, task_id=ingest, run_id=scheduled__2026-06-26T02:00:00+00:00, execution_date=20260626T020000, start_date=20260627T233137, end_date=20260627T233140
[2026-06-27T23:31:40.349+0000] {standard_task_runner.py:110} ERROR - Failed to execute job 10 for task ingest (Bash command failed. The command returned a non-zero exit code 1.; 536)
[2026-06-27T23:31:40.382+0000] {local_task_job_runner.py:240} INFO - Task exited with return code 1
[2026-06-27T23:31:40.396+0000] {taskinstance.py:3498} INFO - 0 downstream tasks scheduled from follow-on schedule check
[2026-06-27T23:31:40.397+0000] {local_task_job_runner.py:222} INFO - ::endgroup::
