[2026-06-28T14:44:53.740+0000] {local_task_job_runner.py:120} INFO - ::group::Pre task execution logs
[2026-06-28T14:44:53.752+0000] {taskinstance.py:2076} INFO - Dependencies all met for dep_context=non-requeueable deps ti=<TaskInstance: urbanmove_nightly_pipeline.dbt_build manual__2026-06-28T14:43:56.206128+00:00 [queued]>
[2026-06-28T14:44:53.754+0000] {taskinstance.py:2076} INFO - Dependencies all met for dep_context=requeueable deps ti=<TaskInstance: urbanmove_nightly_pipeline.dbt_build manual__2026-06-28T14:43:56.206128+00:00 [queued]>
[2026-06-28T14:44:53.754+0000] {taskinstance.py:2306} INFO - Starting attempt 1 of 2
[2026-06-28T14:44:53.757+0000] {taskinstance.py:2330} INFO - Executing <Task(BashOperator): dbt_build> on 2026-06-28 14:43:56.206128+00:00
[2026-06-28T14:44:53.761+0000] {logging_mixin.py:188} WARNING - /home/airflow/.local/lib/python3.12/site-packages/airflow/task/task_runner/standard_task_runner.py:61 DeprecationWarning: This process (pid=1632) is multi-threaded, use of fork() may lead to deadlocks in the child.
[2026-06-28T14:44:53.760+0000] {standard_task_runner.py:90} INFO - Running: ['airflow', 'tasks', 'run', 'urbanmove_nightly_pipeline', 'dbt_build', 'manual__2026-06-28T14:43:56.206128+00:00', '--job-id', '23', '--raw', '--subdir', 'DAGS_FOLDER/urbanmove_nightly.py', '--cfg-path', '/tmp/tmpja0c1424']
[2026-06-28T14:44:53.761+0000] {standard_task_runner.py:91} INFO - Job 23: Subtask dbt_build
[2026-06-28T14:44:53.761+0000] {standard_task_runner.py:63} INFO - Started process 1633 to run task
[2026-06-28T14:44:53.776+0000] {task_command.py:426} INFO - Running <TaskInstance: urbanmove_nightly_pipeline.dbt_build manual__2026-06-28T14:43:56.206128+00:00 [running]> on host 2982c3a45458
[2026-06-28T14:44:53.801+0000] {taskinstance.py:2648} INFO - Exporting env vars: AIRFLOW_CTX_DAG_OWNER='urbanmove-de' AIRFLOW_CTX_DAG_ID='urbanmove_nightly_pipeline' AIRFLOW_CTX_TASK_ID='dbt_build' AIRFLOW_CTX_EXECUTION_DATE='2026-06-28T14:43:56.206128+00:00' AIRFLOW_CTX_TRY_NUMBER='1' AIRFLOW_CTX_DAG_RUN_ID='manual__2026-06-28T14:43:56.206128+00:00'
[2026-06-28T14:44:53.801+0000] {taskinstance.py:430} INFO - ::endgroup::
[2026-06-28T14:44:53.806+0000] {subprocess.py:63} INFO - Tmp dir root location: /tmp
[2026-06-28T14:44:53.806+0000] {subprocess.py:75} INFO - Running command: ['/usr/bin/bash', '-c', 'cd /opt/airflow/project/UrbanMove_dbt_project && dbt build']
[2026-06-28T14:44:53.808+0000] {subprocess.py:86} INFO - Output:
[2026-06-28T14:44:53.810+0000] {subprocess.py:93} INFO - /usr/bin/bash: line 1: dbt: command not found
[2026-06-28T14:44:53.810+0000] {subprocess.py:97} INFO - Command exited with return code 127
[2026-06-28T14:44:53.810+0000] {taskinstance.py:441} INFO - ::group::Post task execution logs
[2026-06-28T14:44:53.814+0000] {taskinstance.py:2905} ERROR - Task failed with exception
Traceback (most recent call last):
  File "/home/airflow/.local/lib/python3.12/site-packages/airflow/models/taskinstance.py", line 465, in _execute_task
    result = _execute_callable(context=context, **execute_callable_kwargs)
             ^^^^^^^^^^^^^^^^^^^^^^^^^^^^^^^^^^^^^^^^^^^^^^^^^^^^^^^^^^^^^
  File "/home/airflow/.local/lib/python3.12/site-packages/airflow/models/taskinstance.py", line 432, in _execute_callable
    return execute_callable(context=context, **execute_callable_kwargs)
           ^^^^^^^^^^^^^^^^^^^^^^^^^^^^^^^^^^^^^^^^^^^^^^^^^^^^^^^^^^^^
  File "/home/airflow/.local/lib/python3.12/site-packages/airflow/models/baseoperator.py", line 400, in wrapper
    return func(self, *args, **kwargs)
           ^^^^^^^^^^^^^^^^^^^^^^^^^^^
  File "/home/airflow/.local/lib/python3.12/site-packages/airflow/operators/bash.py", line 243, in execute
    raise AirflowException(
airflow.exceptions.AirflowException: Bash command failed. The command returned a non-zero exit code 127.
[2026-06-28T14:44:53.815+0000] {taskinstance.py:1206} INFO - Marking task as UP_FOR_RETRY. dag_id=urbanmove_nightly_pipeline, task_id=dbt_build, run_id=manual__2026-06-28T14:43:56.206128+00:00, execution_date=20260628T144356, start_date=20260628T144453, end_date=20260628T144453
[2026-06-28T14:44:53.819+0000] {standard_task_runner.py:110} ERROR - Failed to execute job 23 for task dbt_build (Bash command failed. The command returned a non-zero exit code 127.; 1633)
[2026-06-28T14:44:53.859+0000] {local_task_job_runner.py:240} INFO - Task exited with return code 1
[2026-06-28T14:44:53.866+0000] {taskinstance.py:3498} INFO - 0 downstream tasks scheduled from follow-on schedule check
[2026-06-28T14:44:53.866+0000] {local_task_job_runner.py:222} INFO - ::endgroup::
