[2026-06-28T14:54:07.919+0000] {local_task_job_runner.py:120} INFO - ::group::Pre task execution logs
[2026-06-28T14:54:07.930+0000] {taskinstance.py:2076} INFO - Dependencies all met for dep_context=non-requeueable deps ti=<TaskInstance: urbanmove_nightly_pipeline.dbt_build manual__2026-06-28T14:48:10.711479+00:00 [queued]>
[2026-06-28T14:54:07.933+0000] {taskinstance.py:2076} INFO - Dependencies all met for dep_context=requeueable deps ti=<TaskInstance: urbanmove_nightly_pipeline.dbt_build manual__2026-06-28T14:48:10.711479+00:00 [queued]>
[2026-06-28T14:54:07.933+0000] {taskinstance.py:2306} INFO - Starting attempt 2 of 2
[2026-06-28T14:54:07.936+0000] {taskinstance.py:2330} INFO - Executing <Task(BashOperator): dbt_build> on 2026-06-28 14:48:10.711479+00:00
[2026-06-28T14:54:07.939+0000] {standard_task_runner.py:90} INFO - Running: ['airflow', 'tasks', 'run', 'urbanmove_nightly_pipeline', 'dbt_build', 'manual__2026-06-28T14:48:10.711479+00:00', '--job-id', '31', '--raw', '--subdir', 'DAGS_FOLDER/urbanmove_nightly.py', '--cfg-path', '/tmp/tmpyg7qs0br']
[2026-06-28T14:54:07.940+0000] {standard_task_runner.py:91} INFO - Job 31: Subtask dbt_build
[2026-06-28T14:54:07.940+0000] {logging_mixin.py:188} WARNING - /home/airflow/.local/lib/python3.12/site-packages/airflow/task/task_runner/standard_task_runner.py:61 DeprecationWarning: This process (pid=1776) is multi-threaded, use of fork() may lead to deadlocks in the child.
[2026-06-28T14:54:07.941+0000] {standard_task_runner.py:63} INFO - Started process 1777 to run task
[2026-06-28T14:54:07.957+0000] {task_command.py:426} INFO - Running <TaskInstance: urbanmove_nightly_pipeline.dbt_build manual__2026-06-28T14:48:10.711479+00:00 [running]> on host 2982c3a45458
[2026-06-28T14:54:07.985+0000] {taskinstance.py:2648} INFO - Exporting env vars: AIRFLOW_CTX_DAG_OWNER='urbanmove-de' AIRFLOW_CTX_DAG_ID='urbanmove_nightly_pipeline' AIRFLOW_CTX_TASK_ID='dbt_build' AIRFLOW_CTX_EXECUTION_DATE='2026-06-28T14:48:10.711479+00:00' AIRFLOW_CTX_TRY_NUMBER='2' AIRFLOW_CTX_DAG_RUN_ID='manual__2026-06-28T14:48:10.711479+00:00'
[2026-06-28T14:54:07.985+0000] {taskinstance.py:430} INFO - ::endgroup::
[2026-06-28T14:54:07.991+0000] {subprocess.py:63} INFO - Tmp dir root location: /tmp
[2026-06-28T14:54:07.991+0000] {subprocess.py:75} INFO - Running command: ['/usr/bin/bash', '-c', 'cd /opt/airflow/project/UrbanMove_dbt_project && /opt/airflow/project/venv/bin/dbt build']
[2026-06-28T14:54:07.994+0000] {subprocess.py:86} INFO - Output:
[2026-06-28T14:54:07.995+0000] {subprocess.py:93} INFO - /usr/bin/bash: line 1: /opt/airflow/project/venv/bin/dbt: cannot execute: required file not found
[2026-06-28T14:54:07.995+0000] {subprocess.py:97} INFO - Command exited with return code 127
[2026-06-28T14:54:07.996+0000] {taskinstance.py:441} INFO - ::group::Post task execution logs
[2026-06-28T14:54:07.999+0000] {taskinstance.py:2905} ERROR - Task failed with exception
Traceback (most recent call last):
  File "/home/airflow/.local/lib/python3.12/site-packages/airflow/models/taskinstance.py", line 465, in _execute_task
    result = _execute_callable(context=context, **execute_callable_kwargs)
             ^^^^^^^^^^^^^^^^^^^^^^^^^^^^^^^^^^^^^^^^^^^^^^^^^^^^^^^^^^^^^
  File "/home/airflow/.local/lib/python3.12/site-packages/airflow/models/taskinstance.py", line 432, in _execute_callable
    return execute_callable(context=context, **execute_callable_kwargs)
           ^^^^^^^^^^^^^^^^^^^^^^^^^^^^^^^^^^^^^^^^^^^^^^^^^^^^^^^^^^^^
  File "/home/airflow/.local/lib/python3.12/site-packages/airflow/models/baseoperator.py", line 400, in wrapper
    return func(self, *args, **kwargs)
           ^^^^^^^^^^^^^^^^^^^^^^^^^^^
  File "/home/airflow/.local/lib/python3.12/site-packages/airflow/operators/bash.py", line 243, in execute
    raise AirflowException(
airflow.exceptions.AirflowException: Bash command failed. The command returned a non-zero exit code 127.
[2026-06-28T14:54:08.001+0000] {taskinstance.py:1206} INFO - Marking task as FAILED. dag_id=urbanmove_nightly_pipeline, task_id=dbt_build, run_id=manual__2026-06-28T14:48:10.711479+00:00, execution_date=20260628T144810, start_date=20260628T145407, end_date=20260628T145408
[2026-06-28T14:54:08.001+0000] {logging_mixin.py:188} INFO - 
============================================================
[2026-06-28T14:54:08.001+0000] {logging_mixin.py:188} INFO - CRITICAL TASK FAILURE TRIGGERED
[2026-06-28T14:54:08.001+0000] {logging_mixin.py:188} INFO - Task ID:       dbt_build
[2026-06-28T14:54:08.001+0000] {logging_mixin.py:188} INFO - DAG ID:        urbanmove_nightly_pipeline
[2026-06-28T14:54:08.001+0000] {logging_mixin.py:188} INFO - Execution Date: 2026-06-27 02:00:00+00:00
[2026-06-28T14:54:08.001+0000] {logging_mixin.py:188} INFO - ============================================================
[2026-06-28T14:54:08.005+0000] {standard_task_runner.py:110} ERROR - Failed to execute job 31 for task dbt_build (Bash command failed. The command returned a non-zero exit code 127.; 1777)
[2026-06-28T14:54:08.042+0000] {local_task_job_runner.py:240} INFO - Task exited with return code 1
[2026-06-28T14:54:08.048+0000] {taskinstance.py:3498} INFO - 0 downstream tasks scheduled from follow-on schedule check
[2026-06-28T14:54:08.048+0000] {local_task_job_runner.py:222} INFO - ::endgroup::
