[2026-06-28T02:16:07.802+0000] {local_task_job_runner.py:120} INFO - ::group::Pre task execution logs
[2026-06-28T02:16:07.813+0000] {taskinstance.py:2076} INFO - Dependencies all met for dep_context=non-requeueable deps ti=<TaskInstance: urbanmove_nightly_pipeline.ingest scheduled__2026-06-27T02:00:00+00:00 [queued]>
[2026-06-28T02:16:07.816+0000] {taskinstance.py:2076} INFO - Dependencies all met for dep_context=requeueable deps ti=<TaskInstance: urbanmove_nightly_pipeline.ingest scheduled__2026-06-27T02:00:00+00:00 [queued]>
[2026-06-28T02:16:07.816+0000] {taskinstance.py:2306} INFO - Starting attempt 2 of 2
[2026-06-28T02:16:07.820+0000] {taskinstance.py:2330} INFO - Executing <Task(BashOperator): ingest> on 2026-06-27 02:00:00+00:00
[2026-06-28T02:16:07.822+0000] {standard_task_runner.py:90} INFO - Running: ['airflow', 'tasks', 'run', 'urbanmove_nightly_pipeline', 'ingest', 'scheduled__2026-06-27T02:00:00+00:00', '--job-id', '15', '--raw', '--subdir', 'DAGS_FOLDER/urbanmove_nightly.py', '--cfg-path', '/tmp/tmp9p3z5ogn']
[2026-06-28T02:16:07.823+0000] {logging_mixin.py:188} WARNING - /home/airflow/.local/lib/python3.12/site-packages/airflow/task/task_runner/standard_task_runner.py:61 DeprecationWarning: This process (pid=914) is multi-threaded, use of fork() may lead to deadlocks in the child.
[2026-06-28T02:16:07.823+0000] {standard_task_runner.py:91} INFO - Job 15: Subtask ingest
[2026-06-28T02:16:07.823+0000] {standard_task_runner.py:63} INFO - Started process 915 to run task
[2026-06-28T02:16:07.840+0000] {task_command.py:426} INFO - Running <TaskInstance: urbanmove_nightly_pipeline.ingest scheduled__2026-06-27T02:00:00+00:00 [running]> on host 2982c3a45458
[2026-06-28T02:16:07.866+0000] {taskinstance.py:2648} INFO - Exporting env vars: AIRFLOW_CTX_DAG_OWNER='urbanmove-de' AIRFLOW_CTX_DAG_ID='urbanmove_nightly_pipeline' AIRFLOW_CTX_TASK_ID='ingest' AIRFLOW_CTX_EXECUTION_DATE='2026-06-27T02:00:00+00:00' AIRFLOW_CTX_TRY_NUMBER='2' AIRFLOW_CTX_DAG_RUN_ID='scheduled__2026-06-27T02:00:00+00:00'
[2026-06-28T02:16:07.867+0000] {taskinstance.py:430} INFO - ::endgroup::
[2026-06-28T02:16:07.872+0000] {subprocess.py:63} INFO - Tmp dir root location: /tmp
[2026-06-28T02:16:07.873+0000] {subprocess.py:75} INFO - Running command: ['/usr/bin/bash', '-c', 'python /opt/airflow/project/ingestion/ingest.py']
[2026-06-28T02:16:07.879+0000] {subprocess.py:86} INFO - Output:
[2026-06-28T02:16:08.216+0000] {subprocess.py:93} INFO - 2026-06-28 02:16:08,215 [INFO] Starting data pipeline...
[2026-06-28T02:16:08.339+0000] {subprocess.py:93} INFO - Loading data from /opt/airflow/project/data/raw/yellow_tripdata_2026-01.parquet...
[2026-06-28T02:16:08.340+0000] {subprocess.py:93} INFO - Loaded 3,724,889 rows and 20 columns
[2026-06-28T02:16:08.340+0000] {subprocess.py:93} INFO - 2026-06-28 02:16:08,339 [INFO] Data loaded successfully.
[2026-06-28T02:16:08.848+0000] {subprocess.py:93} INFO - Cleaning data...
[2026-06-28T02:16:08.849+0000] {subprocess.py:93} INFO - Rows after cleaning: 2,154,399
[2026-06-28T02:16:08.849+0000] {subprocess.py:93} INFO - 2026-06-28 02:16:08,848 [INFO] Data cleaning complete.
[2026-06-28T02:16:08.852+0000] {subprocess.py:93} INFO - Connecting to PostgreSQL...
[2026-06-28T02:16:08.856+0000] {subprocess.py:93} INFO - Inserting rows — this will take just a few seconds...
[2026-06-28T02:16:08.858+0000] {subprocess.py:93} INFO - 2026-06-28 02:16:08,851 [ERROR] Pipeline failed:
[2026-06-28T02:16:08.858+0000] {subprocess.py:93} INFO - Traceback (most recent call last):
[2026-06-28T02:16:08.862+0000] {subprocess.py:93} INFO -   File "/opt/airflow/project/ingestion/ingest.py", line 116, in <module>
[2026-06-28T02:16:08.862+0000] {subprocess.py:93} INFO -     ingest_to_postgres(df)
[2026-06-28T02:16:08.862+0000] {subprocess.py:93} INFO -   File "/opt/airflow/project/ingestion/ingest.py", line 62, in ingest_to_postgres
[2026-06-28T02:16:08.862+0000] {subprocess.py:93} INFO -     cursor.execute("""
[2026-06-28T02:16:08.862+0000] {subprocess.py:93} INFO - psycopg2.errors.DependentObjectsStillExist: cannot drop table yellow_trips because other objects depend on it
[2026-06-28T02:16:08.862+0000] {subprocess.py:93} INFO - DETAIL:  view dbt_dev.stg_yellow_trips depends on table yellow_trips
[2026-06-28T02:16:08.862+0000] {subprocess.py:93} INFO - HINT:  Use DROP ... CASCADE to drop the dependent objects too.
[2026-06-28T02:16:08.862+0000] {subprocess.py:93} INFO - 
[2026-06-28T02:16:08.884+0000] {subprocess.py:97} INFO - Command exited with return code 1
[2026-06-28T02:16:08.884+0000] {taskinstance.py:441} INFO - ::group::Post task execution logs
[2026-06-28T02:16:08.890+0000] {taskinstance.py:2905} ERROR - Task failed with exception
Traceback (most recent call last):
  File "/home/airflow/.local/lib/python3.12/site-packages/airflow/models/taskinstance.py", line 465, in _execute_task
    result = _execute_callable(context=context, **execute_callable_kwargs)
             ^^^^^^^^^^^^^^^^^^^^^^^^^^^^^^^^^^^^^^^^^^^^^^^^^^^^^^^^^^^^^
  File "/home/airflow/.local/lib/python3.12/site-packages/airflow/models/taskinstance.py", line 432, in _execute_callable
    return execute_callable(context=context, **execute_callable_kwargs)
           ^^^^^^^^^^^^^^^^^^^^^^^^^^^^^^^^^^^^^^^^^^^^^^^^^^^^^^^^^^^^
  File "/home/airflow/.local/lib/python3.12/site-packages/airflow/models/baseoperator.py", line 400, in wrapper
    return func(self, *args, **kwargs)
           ^^^^^^^^^^^^^^^^^^^^^^^^^^^
  File "/home/airflow/.local/lib/python3.12/site-packages/airflow/operators/bash.py", line 243, in execute
    raise AirflowException(
airflow.exceptions.AirflowException: Bash command failed. The command returned a non-zero exit code 1.
[2026-06-28T02:16:08.892+0000] {taskinstance.py:1206} INFO - Marking task as FAILED. dag_id=urbanmove_nightly_pipeline, task_id=ingest, run_id=scheduled__2026-06-27T02:00:00+00:00, execution_date=20260627T020000, start_date=20260628T021607, end_date=20260628T021608
[2026-06-28T02:16:08.892+0000] {logging_mixin.py:188} INFO - 
============================================================
[2026-06-28T02:16:08.892+0000] {logging_mixin.py:188} INFO - CRITICAL TASK FAILURE TRIGGERED
[2026-06-28T02:16:08.892+0000] {logging_mixin.py:188} INFO - Task ID:       ingest
[2026-06-28T02:16:08.892+0000] {logging_mixin.py:188} INFO - DAG ID:        urbanmove_nightly_pipeline
[2026-06-28T02:16:08.892+0000] {logging_mixin.py:188} INFO - Execution Date: 2026-06-27 02:00:00+00:00
[2026-06-28T02:16:08.893+0000] {logging_mixin.py:188} INFO - ============================================================
[2026-06-28T02:16:08.896+0000] {standard_task_runner.py:110} ERROR - Failed to execute job 15 for task ingest (Bash command failed. The command returned a non-zero exit code 1.; 915)
[2026-06-28T02:16:08.906+0000] {local_task_job_runner.py:240} INFO - Task exited with return code 1
[2026-06-28T02:16:08.915+0000] {taskinstance.py:3498} INFO - 0 downstream tasks scheduled from follow-on schedule check
[2026-06-28T02:16:08.916+0000] {local_task_job_runner.py:222} INFO - ::endgroup::
