[2026-06-28T02:00:00.180+0000] {local_task_job_runner.py:120} INFO - ::group::Pre task execution logs
[2026-06-28T02:00:00.197+0000] {taskinstance.py:2076} INFO - Dependencies all met for dep_context=non-requeueable deps ti=<TaskInstance: urbanmove_nightly_pipeline.ingest scheduled__2026-06-27T02:00:00+00:00 [queued]>
[2026-06-28T02:00:00.200+0000] {taskinstance.py:2076} INFO - Dependencies all met for dep_context=requeueable deps ti=<TaskInstance: urbanmove_nightly_pipeline.ingest scheduled__2026-06-27T02:00:00+00:00 [queued]>
[2026-06-28T02:00:00.200+0000] {taskinstance.py:2306} INFO - Starting attempt 1 of 2
[2026-06-28T02:00:00.205+0000] {taskinstance.py:2330} INFO - Executing <Task(BashOperator): ingest> on 2026-06-27 02:00:00+00:00
[2026-06-28T02:00:00.209+0000] {logging_mixin.py:188} WARNING - /home/airflow/.local/lib/python3.12/site-packages/airflow/task/task_runner/standard_task_runner.py:61 DeprecationWarning: This process (pid=886) is multi-threaded, use of fork() may lead to deadlocks in the child.
[2026-06-28T02:00:00.208+0000] {standard_task_runner.py:90} INFO - Running: ['airflow', 'tasks', 'run', 'urbanmove_nightly_pipeline', 'ingest', 'scheduled__2026-06-27T02:00:00+00:00', '--job-id', '14', '--raw', '--subdir', 'DAGS_FOLDER/urbanmove_nightly.py', '--cfg-path', '/tmp/tmpfdcqplu3']
[2026-06-28T02:00:00.210+0000] {standard_task_runner.py:91} INFO - Job 14: Subtask ingest
[2026-06-28T02:00:00.210+0000] {standard_task_runner.py:63} INFO - Started process 887 to run task
[2026-06-28T02:00:00.234+0000] {task_command.py:426} INFO - Running <TaskInstance: urbanmove_nightly_pipeline.ingest scheduled__2026-06-27T02:00:00+00:00 [running]> on host 2982c3a45458
[2026-06-28T02:00:00.281+0000] {taskinstance.py:2648} INFO - Exporting env vars: AIRFLOW_CTX_DAG_OWNER='urbanmove-de' AIRFLOW_CTX_DAG_ID='urbanmove_nightly_pipeline' AIRFLOW_CTX_TASK_ID='ingest' AIRFLOW_CTX_EXECUTION_DATE='2026-06-27T02:00:00+00:00' AIRFLOW_CTX_TRY_NUMBER='1' AIRFLOW_CTX_DAG_RUN_ID='scheduled__2026-06-27T02:00:00+00:00'
[2026-06-28T02:00:00.281+0000] {taskinstance.py:430} INFO - ::endgroup::
[2026-06-28T02:00:00.290+0000] {subprocess.py:63} INFO - Tmp dir root location: /tmp
[2026-06-28T02:00:00.291+0000] {subprocess.py:75} INFO - Running command: ['/usr/bin/bash', '-c', 'python /opt/airflow/project/ingestion/ingest.py']
[2026-06-28T02:00:00.294+0000] {subprocess.py:86} INFO - Output:
[2026-06-28T02:00:00.962+0000] {subprocess.py:93} INFO - 2026-06-28 02:00:00,962 [INFO] Starting data pipeline...
[2026-06-28T02:00:01.307+0000] {subprocess.py:93} INFO - Loading data from /opt/airflow/project/data/raw/yellow_tripdata_2026-01.parquet...
[2026-06-28T02:00:01.307+0000] {subprocess.py:93} INFO - Loaded 3,724,889 rows and 20 columns
[2026-06-28T02:00:01.308+0000] {subprocess.py:93} INFO - 2026-06-28 02:00:01,306 [INFO] Data loaded successfully.
[2026-06-28T02:00:02.557+0000] {subprocess.py:93} INFO - Cleaning data...
[2026-06-28T02:00:02.558+0000] {subprocess.py:93} INFO - Rows after cleaning: 2,154,399
[2026-06-28T02:00:02.558+0000] {subprocess.py:93} INFO - 2026-06-28 02:00:02,557 [INFO] Data cleaning complete.
[2026-06-28T02:00:02.563+0000] {subprocess.py:93} INFO - Connecting to PostgreSQL...
[2026-06-28T02:00:02.564+0000] {subprocess.py:93} INFO - Inserting rows — this will take just a few seconds...
[2026-06-28T02:00:02.564+0000] {subprocess.py:93} INFO - 2026-06-28 02:00:02,563 [ERROR] Pipeline failed:
[2026-06-28T02:00:02.564+0000] {subprocess.py:93} INFO - Traceback (most recent call last):
[2026-06-28T02:00:02.564+0000] {subprocess.py:93} INFO -   File "/opt/airflow/project/ingestion/ingest.py", line 116, in <module>
[2026-06-28T02:00:02.564+0000] {subprocess.py:93} INFO -     ingest_to_postgres(df)
[2026-06-28T02:00:02.564+0000] {subprocess.py:93} INFO -   File "/opt/airflow/project/ingestion/ingest.py", line 62, in ingest_to_postgres
[2026-06-28T02:00:02.565+0000] {subprocess.py:93} INFO -     cursor.execute("""
[2026-06-28T02:00:02.565+0000] {subprocess.py:93} INFO - psycopg2.errors.DependentObjectsStillExist: cannot drop table yellow_trips because other objects depend on it
[2026-06-28T02:00:02.565+0000] {subprocess.py:93} INFO - DETAIL:  view dbt_dev.stg_yellow_trips depends on table yellow_trips
[2026-06-28T02:00:02.565+0000] {subprocess.py:93} INFO - HINT:  Use DROP ... CASCADE to drop the dependent objects too.
[2026-06-28T02:00:02.565+0000] {subprocess.py:93} INFO - 
[2026-06-28T02:00:02.617+0000] {subprocess.py:97} INFO - Command exited with return code 1
[2026-06-28T02:00:02.617+0000] {taskinstance.py:441} INFO - ::group::Post task execution logs
[2026-06-28T02:00:02.625+0000] {taskinstance.py:2905} ERROR - Task failed with exception
Traceback (most recent call last):
  File "/home/airflow/.local/lib/python3.12/site-packages/airflow/models/taskinstance.py", line 465, in _execute_task
    result = _execute_callable(context=context, **execute_callable_kwargs)
             ^^^^^^^^^^^^^^^^^^^^^^^^^^^^^^^^^^^^^^^^^^^^^^^^^^^^^^^^^^^^^
  File "/home/airflow/.local/lib/python3.12/site-packages/airflow/models/taskinstance.py", line 432, in _execute_callable
    return execute_callable(context=context, **execute_callable_kwargs)
           ^^^^^^^^^^^^^^^^^^^^^^^^^^^^^^^^^^^^^^^^^^^^^^^^^^^^^^^^^^^^
  File "/home/airflow/.local/lib/python3.12/site-packages/airflow/models/baseoperator.py", line 400, in wrapper
    return func(self, *args, **kwargs)
           ^^^^^^^^^^^^^^^^^^^^^^^^^^^
  File "/home/airflow/.local/lib/python3.12/site-packages/airflow/operators/bash.py", line 243, in execute
    raise AirflowException(
airflow.exceptions.AirflowException: Bash command failed. The command returned a non-zero exit code 1.
[2026-06-28T02:00:02.628+0000] {taskinstance.py:1206} INFO - Marking task as UP_FOR_RETRY. dag_id=urbanmove_nightly_pipeline, task_id=ingest, run_id=scheduled__2026-06-27T02:00:00+00:00, execution_date=20260627T020000, start_date=20260628T020000, end_date=20260628T020002
[2026-06-28T02:00:02.635+0000] {standard_task_runner.py:110} ERROR - Failed to execute job 14 for task ingest (Bash command failed. The command returned a non-zero exit code 1.; 887)
[2026-06-28T02:00:02.660+0000] {local_task_job_runner.py:240} INFO - Task exited with return code 1
[2026-06-28T02:00:02.674+0000] {taskinstance.py:3498} INFO - 0 downstream tasks scheduled from follow-on schedule check
[2026-06-28T02:00:02.675+0000] {local_task_job_runner.py:222} INFO - ::endgroup::
[2026-06-28T16:23:38.331+0000] {local_task_job_runner.py:120} INFO - ::group::Pre task execution logs
[2026-06-28T16:23:38.345+0000] {taskinstance.py:2076} INFO - Dependencies all met for dep_context=non-requeueable deps ti=<TaskInstance: urbanmove_nightly_pipeline.ingest scheduled__2026-06-27T02:00:00+00:00 [queued]>
[2026-06-28T16:23:38.348+0000] {taskinstance.py:2076} INFO - Dependencies all met for dep_context=requeueable deps ti=<TaskInstance: urbanmove_nightly_pipeline.ingest scheduled__2026-06-27T02:00:00+00:00 [queued]>
[2026-06-28T16:23:38.348+0000] {taskinstance.py:2306} INFO - Starting attempt 1 of 2
[2026-06-28T16:23:38.352+0000] {taskinstance.py:2330} INFO - Executing <Task(BashOperator): ingest> on 2026-06-27 02:00:00+00:00
[2026-06-28T16:23:38.360+0000] {logging_mixin.py:188} WARNING - /home/airflow/.local/lib/python3.12/site-packages/airflow/task/task_runner/standard_task_runner.py:61 DeprecationWarning: This process (pid=254) is multi-threaded, use of fork() may lead to deadlocks in the child.
[2026-06-28T16:23:38.358+0000] {standard_task_runner.py:90} INFO - Running: ['airflow', 'tasks', 'run', 'urbanmove_nightly_pipeline', 'ingest', 'scheduled__2026-06-27T02:00:00+00:00', '--job-id', '4', '--raw', '--subdir', 'DAGS_FOLDER/urbanmove_nightly.py', '--cfg-path', '/tmp/tmpuxi6g374']
[2026-06-28T16:23:38.360+0000] {standard_task_runner.py:63} INFO - Started process 257 to run task
[2026-06-28T16:23:38.360+0000] {standard_task_runner.py:91} INFO - Job 4: Subtask ingest
[2026-06-28T16:23:38.385+0000] {task_command.py:426} INFO - Running <TaskInstance: urbanmove_nightly_pipeline.ingest scheduled__2026-06-27T02:00:00+00:00 [running]> on host 12d79e123661
[2026-06-28T16:23:38.420+0000] {taskinstance.py:2648} INFO - Exporting env vars: AIRFLOW_CTX_DAG_OWNER='urbanmove-de' AIRFLOW_CTX_DAG_ID='urbanmove_nightly_pipeline' AIRFLOW_CTX_TASK_ID='ingest' AIRFLOW_CTX_EXECUTION_DATE='2026-06-27T02:00:00+00:00' AIRFLOW_CTX_TRY_NUMBER='1' AIRFLOW_CTX_DAG_RUN_ID='scheduled__2026-06-27T02:00:00+00:00'
[2026-06-28T16:23:38.420+0000] {taskinstance.py:430} INFO - ::endgroup::
[2026-06-28T16:23:38.434+0000] {subprocess.py:63} INFO - Tmp dir root location: /tmp
[2026-06-28T16:23:38.434+0000] {subprocess.py:75} INFO - Running command: ['/usr/bin/bash', '-c', 'python /opt/airflow/project/ingestion/ingest.py']
[2026-06-28T16:23:38.437+0000] {subprocess.py:86} INFO - Output:
[2026-06-28T16:23:38.792+0000] {subprocess.py:93} INFO - 2026-06-28 16:23:38,792 [INFO] Starting data pipeline...
[2026-06-28T16:23:39.537+0000] {subprocess.py:93} INFO - Loading data from /opt/airflow/project/data/raw/yellow_tripdata_2026-01.parquet...
[2026-06-28T16:23:39.538+0000] {subprocess.py:93} INFO - Loaded 3,724,889 rows and 20 columns
[2026-06-28T16:23:39.538+0000] {subprocess.py:93} INFO - 2026-06-28 16:23:39,536 [INFO] Data loaded successfully.
[2026-06-28T16:23:40.486+0000] {subprocess.py:93} INFO - Cleaning data...
[2026-06-28T16:23:40.486+0000] {subprocess.py:93} INFO - Rows after cleaning: 2,154,399
[2026-06-28T16:23:40.487+0000] {subprocess.py:93} INFO - 2026-06-28 16:23:40,486 [INFO] Data cleaning complete.
[2026-06-28T16:24:30.794+0000] {subprocess.py:93} INFO - Connecting to PostgreSQL...
[2026-06-28T16:24:30.795+0000] {subprocess.py:93} INFO - Inserting rows — this will take just a few seconds...
[2026-06-28T16:24:30.795+0000] {subprocess.py:93} INFO - Done. Data loaded into yellow_trips table.
[2026-06-28T16:24:30.795+0000] {subprocess.py:93} INFO - 2026-06-28 16:24:30,794 [INFO] Data successfully ingested to Postgres.
[2026-06-28T16:24:30.829+0000] {subprocess.py:97} INFO - Command exited with return code 0
[2026-06-28T16:24:30.829+0000] {taskinstance.py:441} INFO - ::group::Post task execution logs
[2026-06-28T16:24:30.840+0000] {taskinstance.py:1206} INFO - Marking task as SUCCESS. dag_id=urbanmove_nightly_pipeline, task_id=ingest, run_id=scheduled__2026-06-27T02:00:00+00:00, execution_date=20260627T020000, start_date=20260628T162338, end_date=20260628T162430
[2026-06-28T16:24:30.877+0000] {local_task_job_runner.py:240} INFO - Task exited with return code 0
[2026-06-28T16:24:30.886+0000] {taskinstance.py:3498} INFO - 1 downstream tasks scheduled from follow-on schedule check
[2026-06-28T16:24:30.886+0000] {local_task_job_runner.py:222} INFO - ::endgroup::
