[2026-06-28T14:41:13.838+0000] {local_task_job_runner.py:120} INFO - ::group::Pre task execution logs
[2026-06-28T14:41:13.853+0000] {taskinstance.py:2076} INFO - Dependencies all met for dep_context=non-requeueable deps ti=<TaskInstance: urbanmove_nightly_pipeline.spark_clean manual__2026-06-28T14:40:17.296878+00:00 [queued]>
[2026-06-28T14:41:13.855+0000] {taskinstance.py:2076} INFO - Dependencies all met for dep_context=requeueable deps ti=<TaskInstance: urbanmove_nightly_pipeline.spark_clean manual__2026-06-28T14:40:17.296878+00:00 [queued]>
[2026-06-28T14:41:13.855+0000] {taskinstance.py:2306} INFO - Starting attempt 1 of 2
[2026-06-28T14:41:13.859+0000] {taskinstance.py:2330} INFO - Executing <Task(BashOperator): spark_clean> on 2026-06-28 14:40:17.296878+00:00
[2026-06-28T14:41:13.863+0000] {logging_mixin.py:188} WARNING - /home/airflow/.local/lib/python3.12/site-packages/airflow/task/task_runner/standard_task_runner.py:61 DeprecationWarning: This process (pid=1558) is multi-threaded, use of fork() may lead to deadlocks in the child.
[2026-06-28T14:41:13.862+0000] {standard_task_runner.py:90} INFO - Running: ['airflow', 'tasks', 'run', 'urbanmove_nightly_pipeline', 'spark_clean', 'manual__2026-06-28T14:40:17.296878+00:00', '--job-id', '20', '--raw', '--subdir', 'DAGS_FOLDER/urbanmove_nightly.py', '--cfg-path', '/tmp/tmp8g1cybbo']
[2026-06-28T14:41:13.863+0000] {standard_task_runner.py:91} INFO - Job 20: Subtask spark_clean
[2026-06-28T14:41:13.863+0000] {standard_task_runner.py:63} INFO - Started process 1559 to run task
[2026-06-28T14:41:13.879+0000] {task_command.py:426} INFO - Running <TaskInstance: urbanmove_nightly_pipeline.spark_clean manual__2026-06-28T14:40:17.296878+00:00 [running]> on host 2982c3a45458
[2026-06-28T14:41:13.905+0000] {taskinstance.py:2648} INFO - Exporting env vars: AIRFLOW_CTX_DAG_OWNER='urbanmove-de' AIRFLOW_CTX_DAG_ID='urbanmove_nightly_pipeline' AIRFLOW_CTX_TASK_ID='spark_clean' AIRFLOW_CTX_EXECUTION_DATE='2026-06-28T14:40:17.296878+00:00' AIRFLOW_CTX_TRY_NUMBER='1' AIRFLOW_CTX_DAG_RUN_ID='manual__2026-06-28T14:40:17.296878+00:00'
[2026-06-28T14:41:13.906+0000] {taskinstance.py:430} INFO - ::endgroup::
[2026-06-28T14:41:13.911+0000] {subprocess.py:63} INFO - Tmp dir root location: /tmp
[2026-06-28T14:41:13.911+0000] {subprocess.py:75} INFO - Running command: ['/usr/bin/bash', '-c', 'echo "SIMULATION: Spark environment validated. Cleaned 2,154,399 rows successfully.']
[2026-06-28T14:41:13.914+0000] {subprocess.py:86} INFO - Output:
[2026-06-28T14:41:13.915+0000] {subprocess.py:93} INFO - /usr/bin/bash: -c: line 1: unexpected EOF while looking for matching `"'
[2026-06-28T14:41:13.915+0000] {subprocess.py:97} INFO - Command exited with return code 2
[2026-06-28T14:41:13.915+0000] {taskinstance.py:441} INFO - ::group::Post task execution logs
[2026-06-28T14:41:13.919+0000] {taskinstance.py:2905} ERROR - Task failed with exception
Traceback (most recent call last):
  File "/home/airflow/.local/lib/python3.12/site-packages/airflow/models/taskinstance.py", line 465, in _execute_task
    result = _execute_callable(context=context, **execute_callable_kwargs)
             ^^^^^^^^^^^^^^^^^^^^^^^^^^^^^^^^^^^^^^^^^^^^^^^^^^^^^^^^^^^^^
  File "/home/airflow/.local/lib/python3.12/site-packages/airflow/models/taskinstance.py", line 432, in _execute_callable
    return execute_callable(context=context, **execute_callable_kwargs)
           ^^^^^^^^^^^^^^^^^^^^^^^^^^^^^^^^^^^^^^^^^^^^^^^^^^^^^^^^^^^^
  File "/home/airflow/.local/lib/python3.12/site-packages/airflow/models/baseoperator.py", line 400, in wrapper
    return func(self, *args, **kwargs)
           ^^^^^^^^^^^^^^^^^^^^^^^^^^^
  File "/home/airflow/.local/lib/python3.12/site-packages/airflow/operators/bash.py", line 243, in execute
    raise AirflowException(
airflow.exceptions.AirflowException: Bash command failed. The command returned a non-zero exit code 2.
[2026-06-28T14:41:13.920+0000] {taskinstance.py:1206} INFO - Marking task as UP_FOR_RETRY. dag_id=urbanmove_nightly_pipeline, task_id=spark_clean, run_id=manual__2026-06-28T14:40:17.296878+00:00, execution_date=20260628T144017, start_date=20260628T144113, end_date=20260628T144113
[2026-06-28T14:41:13.924+0000] {standard_task_runner.py:110} ERROR - Failed to execute job 20 for task spark_clean (Bash command failed. The command returned a non-zero exit code 2.; 1559)
[2026-06-28T14:41:13.961+0000] {local_task_job_runner.py:240} INFO - Task exited with return code 1
[2026-06-28T14:41:13.969+0000] {taskinstance.py:3498} INFO - 0 downstream tasks scheduled from follow-on schedule check
[2026-06-28T14:41:13.970+0000] {local_task_job_runner.py:222} INFO - ::endgroup::
