[2026-06-28T14:46:14.181+0000] {local_task_job_runner.py:120} INFO - ::group::Pre task execution logs
[2026-06-28T14:46:14.192+0000] {taskinstance.py:2076} INFO - Dependencies all met for dep_context=non-requeueable deps ti=<TaskInstance: urbanmove_nightly_pipeline.spark_clean manual__2026-06-28T14:40:17.296878+00:00 [queued]>
[2026-06-28T14:46:14.194+0000] {taskinstance.py:2076} INFO - Dependencies all met for dep_context=requeueable deps ti=<TaskInstance: urbanmove_nightly_pipeline.spark_clean manual__2026-06-28T14:40:17.296878+00:00 [queued]>
[2026-06-28T14:46:14.194+0000] {taskinstance.py:2306} INFO - Starting attempt 2 of 2
[2026-06-28T14:46:14.198+0000] {taskinstance.py:2330} INFO - Executing <Task(BashOperator): spark_clean> on 2026-06-28 14:40:17.296878+00:00
[2026-06-28T14:46:14.200+0000] {standard_task_runner.py:90} INFO - Running: ['airflow', 'tasks', 'run', 'urbanmove_nightly_pipeline', 'spark_clean', 'manual__2026-06-28T14:40:17.296878+00:00', '--job-id', '24', '--raw', '--subdir', 'DAGS_FOLDER/urbanmove_nightly.py', '--cfg-path', '/tmp/tmp9vid8zzz']
[2026-06-28T14:46:14.201+0000] {standard_task_runner.py:91} INFO - Job 24: Subtask spark_clean
[2026-06-28T14:46:14.201+0000] {logging_mixin.py:188} WARNING - /home/airflow/.local/lib/python3.12/site-packages/airflow/task/task_runner/standard_task_runner.py:61 DeprecationWarning: This process (pid=1645) is multi-threaded, use of fork() may lead to deadlocks in the child.
[2026-06-28T14:46:14.202+0000] {standard_task_runner.py:63} INFO - Started process 1646 to run task
[2026-06-28T14:46:14.218+0000] {task_command.py:426} INFO - Running <TaskInstance: urbanmove_nightly_pipeline.spark_clean manual__2026-06-28T14:40:17.296878+00:00 [running]> on host 2982c3a45458
[2026-06-28T14:46:14.244+0000] {taskinstance.py:2648} INFO - Exporting env vars: AIRFLOW_CTX_DAG_OWNER='urbanmove-de' AIRFLOW_CTX_DAG_ID='urbanmove_nightly_pipeline' AIRFLOW_CTX_TASK_ID='spark_clean' AIRFLOW_CTX_EXECUTION_DATE='2026-06-28T14:40:17.296878+00:00' AIRFLOW_CTX_TRY_NUMBER='2' AIRFLOW_CTX_DAG_RUN_ID='manual__2026-06-28T14:40:17.296878+00:00'
[2026-06-28T14:46:14.245+0000] {taskinstance.py:430} INFO - ::endgroup::
[2026-06-28T14:46:14.250+0000] {subprocess.py:63} INFO - Tmp dir root location: /tmp
[2026-06-28T14:46:14.250+0000] {subprocess.py:75} INFO - Running command: ['/usr/bin/bash', '-c', 'echo "SIMULATION: Spark environment validated. Cleaned 2,154,399 rows successfully."']
[2026-06-28T14:46:14.253+0000] {subprocess.py:86} INFO - Output:
[2026-06-28T14:46:14.253+0000] {subprocess.py:93} INFO - SIMULATION: Spark environment validated. Cleaned 2,154,399 rows successfully.
[2026-06-28T14:46:14.253+0000] {subprocess.py:97} INFO - Command exited with return code 0
[2026-06-28T14:46:14.254+0000] {taskinstance.py:441} INFO - ::group::Post task execution logs
[2026-06-28T14:46:14.262+0000] {taskinstance.py:1206} INFO - Marking task as SUCCESS. dag_id=urbanmove_nightly_pipeline, task_id=spark_clean, run_id=manual__2026-06-28T14:40:17.296878+00:00, execution_date=20260628T144017, start_date=20260628T144614, end_date=20260628T144614
[2026-06-28T14:46:14.302+0000] {local_task_job_runner.py:240} INFO - Task exited with return code 0
[2026-06-28T14:46:14.310+0000] {taskinstance.py:3498} INFO - 1 downstream tasks scheduled from follow-on schedule check
[2026-06-28T14:46:14.310+0000] {local_task_job_runner.py:222} INFO - ::endgroup::
