[2026-06-28T16:24:31.521+0000] {local_task_job_runner.py:120} INFO - ::group::Pre task execution logs
[2026-06-28T16:24:31.534+0000] {taskinstance.py:2076} INFO - Dependencies all met for dep_context=non-requeueable deps ti=<TaskInstance: urbanmove_nightly_pipeline.spark_clean scheduled__2026-06-27T02:00:00+00:00 [queued]>
[2026-06-28T16:24:31.538+0000] {taskinstance.py:2076} INFO - Dependencies all met for dep_context=requeueable deps ti=<TaskInstance: urbanmove_nightly_pipeline.spark_clean scheduled__2026-06-27T02:00:00+00:00 [queued]>
[2026-06-28T16:24:31.538+0000] {taskinstance.py:2306} INFO - Starting attempt 1 of 2
[2026-06-28T16:24:31.542+0000] {taskinstance.py:2330} INFO - Executing <Task(BashOperator): spark_clean> on 2026-06-27 02:00:00+00:00
[2026-06-28T16:24:31.544+0000] {standard_task_runner.py:90} INFO - Running: ['airflow', 'tasks', 'run', 'urbanmove_nightly_pipeline', 'spark_clean', 'scheduled__2026-06-27T02:00:00+00:00', '--job-id', '5', '--raw', '--subdir', 'DAGS_FOLDER/urbanmove_nightly.py', '--cfg-path', '/tmp/tmp7if6mw5g']
[2026-06-28T16:24:31.545+0000] {standard_task_runner.py:91} INFO - Job 5: Subtask spark_clean
[2026-06-28T16:24:31.545+0000] {logging_mixin.py:188} WARNING - /home/airflow/.local/lib/python3.12/site-packages/airflow/task/task_runner/standard_task_runner.py:61 DeprecationWarning: This process (pid=320) is multi-threaded, use of fork() may lead to deadlocks in the child.
[2026-06-28T16:24:31.546+0000] {standard_task_runner.py:63} INFO - Started process 321 to run task
[2026-06-28T16:24:31.562+0000] {task_command.py:426} INFO - Running <TaskInstance: urbanmove_nightly_pipeline.spark_clean scheduled__2026-06-27T02:00:00+00:00 [running]> on host 12d79e123661
[2026-06-28T16:24:31.589+0000] {taskinstance.py:2648} INFO - Exporting env vars: AIRFLOW_CTX_DAG_OWNER='urbanmove-de' AIRFLOW_CTX_DAG_ID='urbanmove_nightly_pipeline' AIRFLOW_CTX_TASK_ID='spark_clean' AIRFLOW_CTX_EXECUTION_DATE='2026-06-27T02:00:00+00:00' AIRFLOW_CTX_TRY_NUMBER='1' AIRFLOW_CTX_DAG_RUN_ID='scheduled__2026-06-27T02:00:00+00:00'
[2026-06-28T16:24:31.589+0000] {taskinstance.py:430} INFO - ::endgroup::
[2026-06-28T16:24:31.595+0000] {subprocess.py:63} INFO - Tmp dir root location: /tmp
[2026-06-28T16:24:31.596+0000] {subprocess.py:75} INFO - Running command: ['/usr/bin/bash', '-c', 'echo "SIMULATION: Spark environment validated. Cleaned 2,154,399 rows successfully."']
[2026-06-28T16:24:31.599+0000] {subprocess.py:86} INFO - Output:
[2026-06-28T16:24:31.601+0000] {subprocess.py:93} INFO - SIMULATION: Spark environment validated. Cleaned 2,154,399 rows successfully.
[2026-06-28T16:24:31.601+0000] {subprocess.py:97} INFO - Command exited with return code 0
[2026-06-28T16:24:31.601+0000] {taskinstance.py:441} INFO - ::group::Post task execution logs
[2026-06-28T16:24:31.609+0000] {taskinstance.py:1206} INFO - Marking task as SUCCESS. dag_id=urbanmove_nightly_pipeline, task_id=spark_clean, run_id=scheduled__2026-06-27T02:00:00+00:00, execution_date=20260627T020000, start_date=20260628T162431, end_date=20260628T162431
[2026-06-28T16:24:31.644+0000] {local_task_job_runner.py:240} INFO - Task exited with return code 0
[2026-06-28T16:24:31.652+0000] {taskinstance.py:3498} INFO - 1 downstream tasks scheduled from follow-on schedule check
[2026-06-28T16:24:31.653+0000] {local_task_job_runner.py:222} INFO - ::endgroup::
