[2026-06-28T14:49:05.716+0000] {local_task_job_runner.py:120} INFO - ::group::Pre task execution logs
[2026-06-28T14:49:05.727+0000] {taskinstance.py:2076} INFO - Dependencies all met for dep_context=non-requeueable deps ti=<TaskInstance: urbanmove_nightly_pipeline.spark_clean manual__2026-06-28T14:48:10.711479+00:00 [queued]>
[2026-06-28T14:49:05.730+0000] {taskinstance.py:2076} INFO - Dependencies all met for dep_context=requeueable deps ti=<TaskInstance: urbanmove_nightly_pipeline.spark_clean manual__2026-06-28T14:48:10.711479+00:00 [queued]>
[2026-06-28T14:49:05.730+0000] {taskinstance.py:2306} INFO - Starting attempt 1 of 2
[2026-06-28T14:49:05.733+0000] {taskinstance.py:2330} INFO - Executing <Task(BashOperator): spark_clean> on 2026-06-28 14:48:10.711479+00:00
[2026-06-28T14:49:05.736+0000] {standard_task_runner.py:90} INFO - Running: ['airflow', 'tasks', 'run', 'urbanmove_nightly_pipeline', 'spark_clean', 'manual__2026-06-28T14:48:10.711479+00:00', '--job-id', '27', '--raw', '--subdir', 'DAGS_FOLDER/urbanmove_nightly.py', '--cfg-path', '/tmp/tmpii25onq4']
[2026-06-28T14:49:05.737+0000] {standard_task_runner.py:91} INFO - Job 27: Subtask spark_clean
[2026-06-28T14:49:05.737+0000] {logging_mixin.py:188} WARNING - /home/airflow/.local/lib/python3.12/site-packages/airflow/task/task_runner/standard_task_runner.py:61 DeprecationWarning: This process (pid=1714) is multi-threaded, use of fork() may lead to deadlocks in the child.
[2026-06-28T14:49:05.738+0000] {standard_task_runner.py:63} INFO - Started process 1715 to run task
[2026-06-28T14:49:05.752+0000] {task_command.py:426} INFO - Running <TaskInstance: urbanmove_nightly_pipeline.spark_clean manual__2026-06-28T14:48:10.711479+00:00 [running]> on host 2982c3a45458
[2026-06-28T14:49:05.778+0000] {taskinstance.py:2648} INFO - Exporting env vars: AIRFLOW_CTX_DAG_OWNER='urbanmove-de' AIRFLOW_CTX_DAG_ID='urbanmove_nightly_pipeline' AIRFLOW_CTX_TASK_ID='spark_clean' AIRFLOW_CTX_EXECUTION_DATE='2026-06-28T14:48:10.711479+00:00' AIRFLOW_CTX_TRY_NUMBER='1' AIRFLOW_CTX_DAG_RUN_ID='manual__2026-06-28T14:48:10.711479+00:00'
[2026-06-28T14:49:05.778+0000] {taskinstance.py:430} INFO - ::endgroup::
[2026-06-28T14:49:05.783+0000] {subprocess.py:63} INFO - Tmp dir root location: /tmp
[2026-06-28T14:49:05.784+0000] {subprocess.py:75} INFO - Running command: ['/usr/bin/bash', '-c', 'echo "SIMULATION: Spark environment validated. Cleaned 2,154,399 rows successfully."']
[2026-06-28T14:49:05.786+0000] {subprocess.py:86} INFO - Output:
[2026-06-28T14:49:05.787+0000] {subprocess.py:93} INFO - SIMULATION: Spark environment validated. Cleaned 2,154,399 rows successfully.
[2026-06-28T14:49:05.787+0000] {subprocess.py:97} INFO - Command exited with return code 0
[2026-06-28T14:49:05.787+0000] {taskinstance.py:441} INFO - ::group::Post task execution logs
[2026-06-28T14:49:05.795+0000] {taskinstance.py:1206} INFO - Marking task as SUCCESS. dag_id=urbanmove_nightly_pipeline, task_id=spark_clean, run_id=manual__2026-06-28T14:48:10.711479+00:00, execution_date=20260628T144810, start_date=20260628T144905, end_date=20260628T144905
[2026-06-28T14:49:05.842+0000] {local_task_job_runner.py:240} INFO - Task exited with return code 0
[2026-06-28T14:49:05.849+0000] {taskinstance.py:3498} INFO - 1 downstream tasks scheduled from follow-on schedule check
[2026-06-28T14:49:05.850+0000] {local_task_job_runner.py:222} INFO - ::endgroup::
