[2026-06-27T23:17:30.559+0000] {processor.py:161} INFO - Started process (PID=253) to work on /opt/airflow/dags/urbanmove_nightly.py
[2026-06-27T23:17:30.561+0000] {processor.py:830} INFO - Processing file /opt/airflow/dags/urbanmove_nightly.py for tasks to queue
[2026-06-27T23:17:30.562+0000] {logging_mixin.py:188} INFO - [2026-06-27T23:17:30.562+0000] {dagbag.py:545} INFO - Filling up the DagBag from /opt/airflow/dags/urbanmove_nightly.py
[2026-06-27T23:17:30.573+0000] {processor.py:840} INFO - DAG(s) 'urbanmove_nightly_pipeline' retrieved from /opt/airflow/dags/urbanmove_nightly.py
[2026-06-27T23:17:30.639+0000] {logging_mixin.py:188} INFO - [2026-06-27T23:17:30.639+0000] {override.py:1829} INFO - Created Permission View: can read on DAG:urbanmove_nightly_pipeline
[2026-06-27T23:17:30.644+0000] {logging_mixin.py:188} INFO - [2026-06-27T23:17:30.644+0000] {override.py:1829} INFO - Created Permission View: can delete on DAG:urbanmove_nightly_pipeline
[2026-06-27T23:17:30.650+0000] {logging_mixin.py:188} INFO - [2026-06-27T23:17:30.650+0000] {override.py:1829} INFO - Created Permission View: can edit on DAG:urbanmove_nightly_pipeline
[2026-06-27T23:17:30.651+0000] {logging_mixin.py:188} INFO - [2026-06-27T23:17:30.650+0000] {dag.py:3096} INFO - Sync 1 DAGs
[2026-06-27T23:17:30.660+0000] {logging_mixin.py:188} INFO - [2026-06-27T23:17:30.660+0000] {dag.py:3118} INFO - Creating ORM DAG for urbanmove_nightly_pipeline
[2026-06-27T23:17:30.668+0000] {logging_mixin.py:188} INFO - [2026-06-27T23:17:30.667+0000] {dag.py:3954} INFO - Setting next_dagrun for urbanmove_nightly_pipeline to 2026-06-26 02:00:00+00:00, run_after=2026-06-27 02:00:00+00:00
[2026-06-27T23:17:30.682+0000] {processor.py:183} INFO - Processing /opt/airflow/dags/urbanmove_nightly.py took 0.133 seconds
[2026-06-27T23:18:00.754+0000] {processor.py:161} INFO - Started process (PID=258) to work on /opt/airflow/dags/urbanmove_nightly.py
[2026-06-27T23:18:00.755+0000] {processor.py:830} INFO - Processing file /opt/airflow/dags/urbanmove_nightly.py for tasks to queue
[2026-06-27T23:18:00.757+0000] {logging_mixin.py:188} INFO - [2026-06-27T23:18:00.757+0000] {dagbag.py:545} INFO - Filling up the DagBag from /opt/airflow/dags/urbanmove_nightly.py
[2026-06-27T23:18:00.767+0000] {processor.py:840} INFO - DAG(s) 'urbanmove_nightly_pipeline' retrieved from /opt/airflow/dags/urbanmove_nightly.py
[2026-06-27T23:18:00.787+0000] {logging_mixin.py:188} INFO - [2026-06-27T23:18:00.786+0000] {dag.py:3096} INFO - Sync 1 DAGs
[2026-06-27T23:18:00.796+0000] {logging_mixin.py:188} INFO - [2026-06-27T23:18:00.796+0000] {dag.py:3954} INFO - Setting next_dagrun for urbanmove_nightly_pipeline to 2026-06-26 02:00:00+00:00, run_after=2026-06-27 02:00:00+00:00
[2026-06-27T23:18:00.803+0000] {processor.py:183} INFO - Processing /opt/airflow/dags/urbanmove_nightly.py took 0.054 seconds
[2026-06-27T23:18:30.943+0000] {processor.py:161} INFO - Started process (PID=263) to work on /opt/airflow/dags/urbanmove_nightly.py
[2026-06-27T23:18:30.944+0000] {processor.py:830} INFO - Processing file /opt/airflow/dags/urbanmove_nightly.py for tasks to queue
[2026-06-27T23:18:30.945+0000] {logging_mixin.py:188} INFO - [2026-06-27T23:18:30.945+0000] {dagbag.py:545} INFO - Filling up the DagBag from /opt/airflow/dags/urbanmove_nightly.py
[2026-06-27T23:18:30.955+0000] {processor.py:840} INFO - DAG(s) 'urbanmove_nightly_pipeline' retrieved from /opt/airflow/dags/urbanmove_nightly.py
[2026-06-27T23:18:30.971+0000] {logging_mixin.py:188} INFO - [2026-06-27T23:18:30.971+0000] {dag.py:3096} INFO - Sync 1 DAGs
[2026-06-27T23:18:30.981+0000] {logging_mixin.py:188} INFO - [2026-06-27T23:18:30.980+0000] {dag.py:3954} INFO - Setting next_dagrun for urbanmove_nightly_pipeline to 2026-06-26 02:00:00+00:00, run_after=2026-06-27 02:00:00+00:00
[2026-06-27T23:18:30.987+0000] {processor.py:183} INFO - Processing /opt/airflow/dags/urbanmove_nightly.py took 0.052 seconds
[2026-06-27T23:19:01.143+0000] {processor.py:161} INFO - Started process (PID=268) to work on /opt/airflow/dags/urbanmove_nightly.py
[2026-06-27T23:19:01.145+0000] {processor.py:830} INFO - Processing file /opt/airflow/dags/urbanmove_nightly.py for tasks to queue
[2026-06-27T23:19:01.147+0000] {logging_mixin.py:188} INFO - [2026-06-27T23:19:01.147+0000] {dagbag.py:545} INFO - Filling up the DagBag from /opt/airflow/dags/urbanmove_nightly.py
[2026-06-27T23:19:01.159+0000] {processor.py:840} INFO - DAG(s) 'urbanmove_nightly_pipeline' retrieved from /opt/airflow/dags/urbanmove_nightly.py
[2026-06-27T23:19:01.181+0000] {logging_mixin.py:188} INFO - [2026-06-27T23:19:01.181+0000] {dag.py:3096} INFO - Sync 1 DAGs
[2026-06-27T23:19:01.192+0000] {logging_mixin.py:188} INFO - [2026-06-27T23:19:01.191+0000] {dag.py:3954} INFO - Setting next_dagrun for urbanmove_nightly_pipeline to 2026-06-26 02:00:00+00:00, run_after=2026-06-27 02:00:00+00:00
[2026-06-27T23:19:01.199+0000] {processor.py:183} INFO - Processing /opt/airflow/dags/urbanmove_nightly.py took 0.062 seconds
[2026-06-27T23:19:31.337+0000] {processor.py:161} INFO - Started process (PID=286) to work on /opt/airflow/dags/urbanmove_nightly.py
[2026-06-27T23:19:31.338+0000] {processor.py:830} INFO - Processing file /opt/airflow/dags/urbanmove_nightly.py for tasks to queue
[2026-06-27T23:19:31.341+0000] {logging_mixin.py:188} INFO - [2026-06-27T23:19:31.340+0000] {dagbag.py:545} INFO - Filling up the DagBag from /opt/airflow/dags/urbanmove_nightly.py
[2026-06-27T23:19:31.350+0000] {processor.py:840} INFO - DAG(s) 'urbanmove_nightly_pipeline' retrieved from /opt/airflow/dags/urbanmove_nightly.py
[2026-06-27T23:19:31.368+0000] {logging_mixin.py:188} INFO - [2026-06-27T23:19:31.367+0000] {dag.py:3096} INFO - Sync 1 DAGs
[2026-06-27T23:19:31.377+0000] {logging_mixin.py:188} INFO - [2026-06-27T23:19:31.377+0000] {dag.py:3954} INFO - Setting next_dagrun for urbanmove_nightly_pipeline to 2026-06-27 02:00:00+00:00, run_after=2026-06-28 02:00:00+00:00
[2026-06-27T23:19:31.384+0000] {processor.py:183} INFO - Processing /opt/airflow/dags/urbanmove_nightly.py took 0.053 seconds
[2026-06-27T23:20:01.547+0000] {processor.py:161} INFO - Started process (PID=291) to work on /opt/airflow/dags/urbanmove_nightly.py
[2026-06-27T23:20:01.548+0000] {processor.py:830} INFO - Processing file /opt/airflow/dags/urbanmove_nightly.py for tasks to queue
[2026-06-27T23:20:01.550+0000] {logging_mixin.py:188} INFO - [2026-06-27T23:20:01.550+0000] {dagbag.py:545} INFO - Filling up the DagBag from /opt/airflow/dags/urbanmove_nightly.py
[2026-06-27T23:20:01.560+0000] {processor.py:840} INFO - DAG(s) 'urbanmove_nightly_pipeline' retrieved from /opt/airflow/dags/urbanmove_nightly.py
[2026-06-27T23:20:01.579+0000] {logging_mixin.py:188} INFO - [2026-06-27T23:20:01.579+0000] {dag.py:3096} INFO - Sync 1 DAGs
[2026-06-27T23:20:01.591+0000] {logging_mixin.py:188} INFO - [2026-06-27T23:20:01.591+0000] {dag.py:3954} INFO - Setting next_dagrun for urbanmove_nightly_pipeline to 2026-06-27 02:00:00+00:00, run_after=2026-06-28 02:00:00+00:00
[2026-06-27T23:20:01.599+0000] {processor.py:183} INFO - Processing /opt/airflow/dags/urbanmove_nightly.py took 0.058 seconds
[2026-06-27T23:20:31.741+0000] {processor.py:161} INFO - Started process (PID=296) to work on /opt/airflow/dags/urbanmove_nightly.py
[2026-06-27T23:20:31.742+0000] {processor.py:830} INFO - Processing file /opt/airflow/dags/urbanmove_nightly.py for tasks to queue
[2026-06-27T23:20:31.743+0000] {logging_mixin.py:188} INFO - [2026-06-27T23:20:31.743+0000] {dagbag.py:545} INFO - Filling up the DagBag from /opt/airflow/dags/urbanmove_nightly.py
[2026-06-27T23:20:31.754+0000] {processor.py:840} INFO - DAG(s) 'urbanmove_nightly_pipeline' retrieved from /opt/airflow/dags/urbanmove_nightly.py
[2026-06-27T23:20:31.769+0000] {logging_mixin.py:188} INFO - [2026-06-27T23:20:31.769+0000] {dag.py:3096} INFO - Sync 1 DAGs
[2026-06-27T23:20:31.778+0000] {logging_mixin.py:188} INFO - [2026-06-27T23:20:31.778+0000] {dag.py:3954} INFO - Setting next_dagrun for urbanmove_nightly_pipeline to 2026-06-27 02:00:00+00:00, run_after=2026-06-28 02:00:00+00:00
[2026-06-27T23:20:31.785+0000] {processor.py:183} INFO - Processing /opt/airflow/dags/urbanmove_nightly.py took 0.048 seconds
[2026-06-27T23:21:01.946+0000] {processor.py:161} INFO - Started process (PID=301) to work on /opt/airflow/dags/urbanmove_nightly.py
[2026-06-27T23:21:01.947+0000] {processor.py:830} INFO - Processing file /opt/airflow/dags/urbanmove_nightly.py for tasks to queue
[2026-06-27T23:21:01.950+0000] {logging_mixin.py:188} INFO - [2026-06-27T23:21:01.949+0000] {dagbag.py:545} INFO - Filling up the DagBag from /opt/airflow/dags/urbanmove_nightly.py
[2026-06-27T23:21:01.959+0000] {processor.py:840} INFO - DAG(s) 'urbanmove_nightly_pipeline' retrieved from /opt/airflow/dags/urbanmove_nightly.py
[2026-06-27T23:21:01.980+0000] {logging_mixin.py:188} INFO - [2026-06-27T23:21:01.980+0000] {dag.py:3096} INFO - Sync 1 DAGs
[2026-06-27T23:21:01.992+0000] {logging_mixin.py:188} INFO - [2026-06-27T23:21:01.992+0000] {dag.py:3954} INFO - Setting next_dagrun for urbanmove_nightly_pipeline to 2026-06-27 02:00:00+00:00, run_after=2026-06-28 02:00:00+00:00
[2026-06-27T23:21:02.001+0000] {processor.py:183} INFO - Processing /opt/airflow/dags/urbanmove_nightly.py took 0.060 seconds
[2026-06-27T23:21:32.133+0000] {processor.py:161} INFO - Started process (PID=319) to work on /opt/airflow/dags/urbanmove_nightly.py
[2026-06-27T23:21:32.134+0000] {processor.py:830} INFO - Processing file /opt/airflow/dags/urbanmove_nightly.py for tasks to queue
[2026-06-27T23:21:32.135+0000] {logging_mixin.py:188} INFO - [2026-06-27T23:21:32.135+0000] {dagbag.py:545} INFO - Filling up the DagBag from /opt/airflow/dags/urbanmove_nightly.py
[2026-06-27T23:21:32.144+0000] {processor.py:840} INFO - DAG(s) 'urbanmove_nightly_pipeline' retrieved from /opt/airflow/dags/urbanmove_nightly.py
[2026-06-27T23:21:32.161+0000] {logging_mixin.py:188} INFO - [2026-06-27T23:21:32.161+0000] {dag.py:3096} INFO - Sync 1 DAGs
[2026-06-27T23:21:32.170+0000] {logging_mixin.py:188} INFO - [2026-06-27T23:21:32.170+0000] {dag.py:3954} INFO - Setting next_dagrun for urbanmove_nightly_pipeline to 2026-06-27 02:00:00+00:00, run_after=2026-06-28 02:00:00+00:00
[2026-06-27T23:21:32.176+0000] {processor.py:183} INFO - Processing /opt/airflow/dags/urbanmove_nightly.py took 0.048 seconds
[2026-06-27T23:22:02.324+0000] {processor.py:161} INFO - Started process (PID=337) to work on /opt/airflow/dags/urbanmove_nightly.py
[2026-06-27T23:22:02.326+0000] {processor.py:830} INFO - Processing file /opt/airflow/dags/urbanmove_nightly.py for tasks to queue
[2026-06-27T23:22:02.329+0000] {logging_mixin.py:188} INFO - [2026-06-27T23:22:02.328+0000] {dagbag.py:545} INFO - Filling up the DagBag from /opt/airflow/dags/urbanmove_nightly.py
[2026-06-27T23:22:02.337+0000] {processor.py:840} INFO - DAG(s) 'urbanmove_nightly_pipeline' retrieved from /opt/airflow/dags/urbanmove_nightly.py
[2026-06-27T23:22:02.354+0000] {logging_mixin.py:188} INFO - [2026-06-27T23:22:02.354+0000] {dag.py:3096} INFO - Sync 1 DAGs
[2026-06-27T23:22:02.363+0000] {logging_mixin.py:188} INFO - [2026-06-27T23:22:02.363+0000] {dag.py:3954} INFO - Setting next_dagrun for urbanmove_nightly_pipeline to 2026-06-26 02:00:00+00:00, run_after=2026-06-27 02:00:00+00:00
[2026-06-27T23:22:02.370+0000] {processor.py:183} INFO - Processing /opt/airflow/dags/urbanmove_nightly.py took 0.051 seconds
[2026-06-27T23:22:32.570+0000] {processor.py:161} INFO - Started process (PID=355) to work on /opt/airflow/dags/urbanmove_nightly.py
[2026-06-27T23:22:32.570+0000] {processor.py:830} INFO - Processing file /opt/airflow/dags/urbanmove_nightly.py for tasks to queue
[2026-06-27T23:22:32.573+0000] {logging_mixin.py:188} INFO - [2026-06-27T23:22:32.573+0000] {dagbag.py:545} INFO - Filling up the DagBag from /opt/airflow/dags/urbanmove_nightly.py
[2026-06-27T23:22:32.580+0000] {processor.py:840} INFO - DAG(s) 'urbanmove_nightly_pipeline' retrieved from /opt/airflow/dags/urbanmove_nightly.py
[2026-06-27T23:22:32.594+0000] {logging_mixin.py:188} INFO - [2026-06-27T23:22:32.594+0000] {dag.py:3096} INFO - Sync 1 DAGs
[2026-06-27T23:22:32.602+0000] {logging_mixin.py:188} INFO - [2026-06-27T23:22:32.602+0000] {dag.py:3954} INFO - Setting next_dagrun for urbanmove_nightly_pipeline to 2026-06-27 02:00:00+00:00, run_after=2026-06-28 02:00:00+00:00
[2026-06-27T23:22:32.608+0000] {processor.py:183} INFO - Processing /opt/airflow/dags/urbanmove_nightly.py took 0.043 seconds
[2026-06-27T23:23:02.745+0000] {processor.py:161} INFO - Started process (PID=360) to work on /opt/airflow/dags/urbanmove_nightly.py
[2026-06-27T23:23:02.745+0000] {processor.py:830} INFO - Processing file /opt/airflow/dags/urbanmove_nightly.py for tasks to queue
[2026-06-27T23:23:02.746+0000] {logging_mixin.py:188} INFO - [2026-06-27T23:23:02.746+0000] {dagbag.py:545} INFO - Filling up the DagBag from /opt/airflow/dags/urbanmove_nightly.py
[2026-06-27T23:23:02.752+0000] {processor.py:840} INFO - DAG(s) 'urbanmove_nightly_pipeline' retrieved from /opt/airflow/dags/urbanmove_nightly.py
[2026-06-27T23:23:02.768+0000] {logging_mixin.py:188} INFO - [2026-06-27T23:23:02.767+0000] {dag.py:3096} INFO - Sync 1 DAGs
[2026-06-27T23:23:02.776+0000] {logging_mixin.py:188} INFO - [2026-06-27T23:23:02.776+0000] {dag.py:3954} INFO - Setting next_dagrun for urbanmove_nightly_pipeline to 2026-06-27 02:00:00+00:00, run_after=2026-06-28 02:00:00+00:00
[2026-06-27T23:23:02.783+0000] {processor.py:183} INFO - Processing /opt/airflow/dags/urbanmove_nightly.py took 0.041 seconds
[2026-06-27T23:23:32.945+0000] {processor.py:161} INFO - Started process (PID=365) to work on /opt/airflow/dags/urbanmove_nightly.py
[2026-06-27T23:23:32.946+0000] {processor.py:830} INFO - Processing file /opt/airflow/dags/urbanmove_nightly.py for tasks to queue
[2026-06-27T23:23:32.948+0000] {logging_mixin.py:188} INFO - [2026-06-27T23:23:32.947+0000] {dagbag.py:545} INFO - Filling up the DagBag from /opt/airflow/dags/urbanmove_nightly.py
[2026-06-27T23:23:32.957+0000] {processor.py:840} INFO - DAG(s) 'urbanmove_nightly_pipeline' retrieved from /opt/airflow/dags/urbanmove_nightly.py
[2026-06-27T23:23:32.973+0000] {logging_mixin.py:188} INFO - [2026-06-27T23:23:32.973+0000] {dag.py:3096} INFO - Sync 1 DAGs
[2026-06-27T23:23:32.982+0000] {logging_mixin.py:188} INFO - [2026-06-27T23:23:32.982+0000] {dag.py:3954} INFO - Setting next_dagrun for urbanmove_nightly_pipeline to 2026-06-27 02:00:00+00:00, run_after=2026-06-28 02:00:00+00:00
[2026-06-27T23:23:32.988+0000] {processor.py:183} INFO - Processing /opt/airflow/dags/urbanmove_nightly.py took 0.048 seconds
[2026-06-27T23:24:03.155+0000] {processor.py:161} INFO - Started process (PID=370) to work on /opt/airflow/dags/urbanmove_nightly.py
[2026-06-27T23:24:03.155+0000] {processor.py:830} INFO - Processing file /opt/airflow/dags/urbanmove_nightly.py for tasks to queue
[2026-06-27T23:24:03.157+0000] {logging_mixin.py:188} INFO - [2026-06-27T23:24:03.157+0000] {dagbag.py:545} INFO - Filling up the DagBag from /opt/airflow/dags/urbanmove_nightly.py
[2026-06-27T23:24:03.166+0000] {processor.py:840} INFO - DAG(s) 'urbanmove_nightly_pipeline' retrieved from /opt/airflow/dags/urbanmove_nightly.py
[2026-06-27T23:24:03.182+0000] {logging_mixin.py:188} INFO - [2026-06-27T23:24:03.182+0000] {dag.py:3096} INFO - Sync 1 DAGs
[2026-06-27T23:24:03.193+0000] {logging_mixin.py:188} INFO - [2026-06-27T23:24:03.193+0000] {dag.py:3954} INFO - Setting next_dagrun for urbanmove_nightly_pipeline to 2026-06-27 02:00:00+00:00, run_after=2026-06-28 02:00:00+00:00
[2026-06-27T23:24:03.200+0000] {processor.py:183} INFO - Processing /opt/airflow/dags/urbanmove_nightly.py took 0.051 seconds
[2026-06-27T23:24:33.304+0000] {processor.py:161} INFO - Started process (PID=375) to work on /opt/airflow/dags/urbanmove_nightly.py
[2026-06-27T23:24:33.304+0000] {processor.py:830} INFO - Processing file /opt/airflow/dags/urbanmove_nightly.py for tasks to queue
[2026-06-27T23:24:33.305+0000] {logging_mixin.py:188} INFO - [2026-06-27T23:24:33.305+0000] {dagbag.py:545} INFO - Filling up the DagBag from /opt/airflow/dags/urbanmove_nightly.py
[2026-06-27T23:24:33.309+0000] {processor.py:840} INFO - DAG(s) 'urbanmove_nightly_pipeline' retrieved from /opt/airflow/dags/urbanmove_nightly.py
[2026-06-27T23:24:33.321+0000] {logging_mixin.py:188} INFO - [2026-06-27T23:24:33.321+0000] {dag.py:3096} INFO - Sync 1 DAGs
[2026-06-27T23:24:33.329+0000] {logging_mixin.py:188} INFO - [2026-06-27T23:24:33.329+0000] {dag.py:3954} INFO - Setting next_dagrun for urbanmove_nightly_pipeline to 2026-06-27 02:00:00+00:00, run_after=2026-06-28 02:00:00+00:00
[2026-06-27T23:24:33.335+0000] {processor.py:183} INFO - Processing /opt/airflow/dags/urbanmove_nightly.py took 0.034 seconds
[2026-06-27T23:25:03.528+0000] {processor.py:161} INFO - Started process (PID=380) to work on /opt/airflow/dags/urbanmove_nightly.py
[2026-06-27T23:25:03.529+0000] {processor.py:830} INFO - Processing file /opt/airflow/dags/urbanmove_nightly.py for tasks to queue
[2026-06-27T23:25:03.530+0000] {logging_mixin.py:188} INFO - [2026-06-27T23:25:03.530+0000] {dagbag.py:545} INFO - Filling up the DagBag from /opt/airflow/dags/urbanmove_nightly.py
[2026-06-27T23:25:03.539+0000] {processor.py:840} INFO - DAG(s) 'urbanmove_nightly_pipeline' retrieved from /opt/airflow/dags/urbanmove_nightly.py
[2026-06-27T23:25:03.556+0000] {logging_mixin.py:188} INFO - [2026-06-27T23:25:03.556+0000] {dag.py:3096} INFO - Sync 1 DAGs
[2026-06-27T23:25:03.564+0000] {logging_mixin.py:188} INFO - [2026-06-27T23:25:03.564+0000] {dag.py:3954} INFO - Setting next_dagrun for urbanmove_nightly_pipeline to 2026-06-27 02:00:00+00:00, run_after=2026-06-28 02:00:00+00:00
[2026-06-27T23:25:03.571+0000] {processor.py:183} INFO - Processing /opt/airflow/dags/urbanmove_nightly.py took 0.051 seconds
[2026-06-27T23:25:33.717+0000] {processor.py:161} INFO - Started process (PID=385) to work on /opt/airflow/dags/urbanmove_nightly.py
[2026-06-27T23:25:33.718+0000] {processor.py:830} INFO - Processing file /opt/airflow/dags/urbanmove_nightly.py for tasks to queue
[2026-06-27T23:25:33.719+0000] {logging_mixin.py:188} INFO - [2026-06-27T23:25:33.718+0000] {dagbag.py:545} INFO - Filling up the DagBag from /opt/airflow/dags/urbanmove_nightly.py
[2026-06-27T23:25:33.724+0000] {processor.py:840} INFO - DAG(s) 'urbanmove_nightly_pipeline' retrieved from /opt/airflow/dags/urbanmove_nightly.py
[2026-06-27T23:25:33.736+0000] {logging_mixin.py:188} INFO - [2026-06-27T23:25:33.736+0000] {dag.py:3096} INFO - Sync 1 DAGs
[2026-06-27T23:25:33.744+0000] {logging_mixin.py:188} INFO - [2026-06-27T23:25:33.744+0000] {dag.py:3954} INFO - Setting next_dagrun for urbanmove_nightly_pipeline to 2026-06-27 02:00:00+00:00, run_after=2026-06-28 02:00:00+00:00
[2026-06-27T23:25:33.751+0000] {processor.py:183} INFO - Processing /opt/airflow/dags/urbanmove_nightly.py took 0.037 seconds
[2026-06-27T23:26:03.884+0000] {processor.py:161} INFO - Started process (PID=418) to work on /opt/airflow/dags/urbanmove_nightly.py
[2026-06-27T23:26:03.885+0000] {processor.py:830} INFO - Processing file /opt/airflow/dags/urbanmove_nightly.py for tasks to queue
[2026-06-27T23:26:03.887+0000] {logging_mixin.py:188} INFO - [2026-06-27T23:26:03.886+0000] {dagbag.py:545} INFO - Filling up the DagBag from /opt/airflow/dags/urbanmove_nightly.py
[2026-06-27T23:26:03.893+0000] {processor.py:840} INFO - DAG(s) 'urbanmove_nightly_pipeline' retrieved from /opt/airflow/dags/urbanmove_nightly.py
[2026-06-27T23:26:03.907+0000] {logging_mixin.py:188} INFO - [2026-06-27T23:26:03.907+0000] {dag.py:3096} INFO - Sync 1 DAGs
[2026-06-27T23:26:03.915+0000] {logging_mixin.py:188} INFO - [2026-06-27T23:26:03.915+0000] {dag.py:3954} INFO - Setting next_dagrun for urbanmove_nightly_pipeline to 2026-06-27 02:00:00+00:00, run_after=2026-06-28 02:00:00+00:00
[2026-06-27T23:26:03.922+0000] {processor.py:183} INFO - Processing /opt/airflow/dags/urbanmove_nightly.py took 0.043 seconds
[2026-06-27T23:26:34.069+0000] {processor.py:161} INFO - Started process (PID=451) to work on /opt/airflow/dags/urbanmove_nightly.py
[2026-06-27T23:26:34.070+0000] {processor.py:830} INFO - Processing file /opt/airflow/dags/urbanmove_nightly.py for tasks to queue
[2026-06-27T23:26:34.071+0000] {logging_mixin.py:188} INFO - [2026-06-27T23:26:34.071+0000] {dagbag.py:545} INFO - Filling up the DagBag from /opt/airflow/dags/urbanmove_nightly.py
[2026-06-27T23:26:34.078+0000] {processor.py:840} INFO - DAG(s) 'urbanmove_nightly_pipeline' retrieved from /opt/airflow/dags/urbanmove_nightly.py
[2026-06-27T23:26:34.091+0000] {logging_mixin.py:188} INFO - [2026-06-27T23:26:34.091+0000] {dag.py:3096} INFO - Sync 1 DAGs
[2026-06-27T23:26:34.100+0000] {logging_mixin.py:188} INFO - [2026-06-27T23:26:34.099+0000] {dag.py:3954} INFO - Setting next_dagrun for urbanmove_nightly_pipeline to 2026-06-26 02:00:00+00:00, run_after=2026-06-27 02:00:00+00:00
[2026-06-27T23:26:34.106+0000] {processor.py:183} INFO - Processing /opt/airflow/dags/urbanmove_nightly.py took 0.042 seconds
[2026-06-27T23:27:04.257+0000] {processor.py:161} INFO - Started process (PID=484) to work on /opt/airflow/dags/urbanmove_nightly.py
[2026-06-27T23:27:04.258+0000] {processor.py:830} INFO - Processing file /opt/airflow/dags/urbanmove_nightly.py for tasks to queue
[2026-06-27T23:27:04.259+0000] {logging_mixin.py:188} INFO - [2026-06-27T23:27:04.259+0000] {dagbag.py:545} INFO - Filling up the DagBag from /opt/airflow/dags/urbanmove_nightly.py
[2026-06-27T23:27:04.267+0000] {processor.py:840} INFO - DAG(s) 'urbanmove_nightly_pipeline' retrieved from /opt/airflow/dags/urbanmove_nightly.py
[2026-06-27T23:27:04.281+0000] {logging_mixin.py:188} INFO - [2026-06-27T23:27:04.281+0000] {dag.py:3096} INFO - Sync 1 DAGs
[2026-06-27T23:27:04.290+0000] {logging_mixin.py:188} INFO - [2026-06-27T23:27:04.290+0000] {dag.py:3954} INFO - Setting next_dagrun for urbanmove_nightly_pipeline to 2026-06-27 02:00:00+00:00, run_after=2026-06-28 02:00:00+00:00
[2026-06-27T23:27:04.297+0000] {processor.py:183} INFO - Processing /opt/airflow/dags/urbanmove_nightly.py took 0.044 seconds
[2026-06-27T23:27:34.487+0000] {processor.py:161} INFO - Started process (PID=489) to work on /opt/airflow/dags/urbanmove_nightly.py
[2026-06-27T23:27:34.488+0000] {processor.py:830} INFO - Processing file /opt/airflow/dags/urbanmove_nightly.py for tasks to queue
[2026-06-27T23:27:34.490+0000] {logging_mixin.py:188} INFO - [2026-06-27T23:27:34.490+0000] {dagbag.py:545} INFO - Filling up the DagBag from /opt/airflow/dags/urbanmove_nightly.py
[2026-06-27T23:27:34.500+0000] {processor.py:840} INFO - DAG(s) 'urbanmove_nightly_pipeline' retrieved from /opt/airflow/dags/urbanmove_nightly.py
[2026-06-27T23:27:34.519+0000] {logging_mixin.py:188} INFO - [2026-06-27T23:27:34.519+0000] {dag.py:3096} INFO - Sync 1 DAGs
[2026-06-27T23:27:34.530+0000] {logging_mixin.py:188} INFO - [2026-06-27T23:27:34.529+0000] {dag.py:3954} INFO - Setting next_dagrun for urbanmove_nightly_pipeline to 2026-06-27 02:00:00+00:00, run_after=2026-06-28 02:00:00+00:00
[2026-06-27T23:27:34.536+0000] {processor.py:183} INFO - Processing /opt/airflow/dags/urbanmove_nightly.py took 0.055 seconds
[2026-06-27T23:28:04.675+0000] {processor.py:161} INFO - Started process (PID=494) to work on /opt/airflow/dags/urbanmove_nightly.py
[2026-06-27T23:28:04.677+0000] {processor.py:830} INFO - Processing file /opt/airflow/dags/urbanmove_nightly.py for tasks to queue
[2026-06-27T23:28:04.679+0000] {logging_mixin.py:188} INFO - [2026-06-27T23:28:04.678+0000] {dagbag.py:545} INFO - Filling up the DagBag from /opt/airflow/dags/urbanmove_nightly.py
[2026-06-27T23:28:04.687+0000] {processor.py:840} INFO - DAG(s) 'urbanmove_nightly_pipeline' retrieved from /opt/airflow/dags/urbanmove_nightly.py
[2026-06-27T23:28:04.704+0000] {logging_mixin.py:188} INFO - [2026-06-27T23:28:04.704+0000] {dag.py:3096} INFO - Sync 1 DAGs
[2026-06-27T23:28:04.713+0000] {logging_mixin.py:188} INFO - [2026-06-27T23:28:04.713+0000] {dag.py:3954} INFO - Setting next_dagrun for urbanmove_nightly_pipeline to 2026-06-27 02:00:00+00:00, run_after=2026-06-28 02:00:00+00:00
[2026-06-27T23:28:04.720+0000] {processor.py:183} INFO - Processing /opt/airflow/dags/urbanmove_nightly.py took 0.051 seconds
[2026-06-27T23:28:34.873+0000] {processor.py:161} INFO - Started process (PID=499) to work on /opt/airflow/dags/urbanmove_nightly.py
[2026-06-27T23:28:34.874+0000] {processor.py:830} INFO - Processing file /opt/airflow/dags/urbanmove_nightly.py for tasks to queue
[2026-06-27T23:28:34.875+0000] {logging_mixin.py:188} INFO - [2026-06-27T23:28:34.875+0000] {dagbag.py:545} INFO - Filling up the DagBag from /opt/airflow/dags/urbanmove_nightly.py
[2026-06-27T23:28:34.883+0000] {processor.py:840} INFO - DAG(s) 'urbanmove_nightly_pipeline' retrieved from /opt/airflow/dags/urbanmove_nightly.py
[2026-06-27T23:28:34.899+0000] {logging_mixin.py:188} INFO - [2026-06-27T23:28:34.899+0000] {dag.py:3096} INFO - Sync 1 DAGs
[2026-06-27T23:28:34.908+0000] {logging_mixin.py:188} INFO - [2026-06-27T23:28:34.908+0000] {dag.py:3954} INFO - Setting next_dagrun for urbanmove_nightly_pipeline to 2026-06-27 02:00:00+00:00, run_after=2026-06-28 02:00:00+00:00
[2026-06-27T23:28:34.914+0000] {processor.py:183} INFO - Processing /opt/airflow/dags/urbanmove_nightly.py took 0.046 seconds
[2026-06-27T23:29:05.103+0000] {processor.py:161} INFO - Started process (PID=504) to work on /opt/airflow/dags/urbanmove_nightly.py
[2026-06-27T23:29:05.104+0000] {processor.py:830} INFO - Processing file /opt/airflow/dags/urbanmove_nightly.py for tasks to queue
[2026-06-27T23:29:05.106+0000] {logging_mixin.py:188} INFO - [2026-06-27T23:29:05.105+0000] {dagbag.py:545} INFO - Filling up the DagBag from /opt/airflow/dags/urbanmove_nightly.py
[2026-06-27T23:29:05.114+0000] {processor.py:840} INFO - DAG(s) 'urbanmove_nightly_pipeline' retrieved from /opt/airflow/dags/urbanmove_nightly.py
[2026-06-27T23:29:05.131+0000] {logging_mixin.py:188} INFO - [2026-06-27T23:29:05.131+0000] {dag.py:3096} INFO - Sync 1 DAGs
[2026-06-27T23:29:05.141+0000] {logging_mixin.py:188} INFO - [2026-06-27T23:29:05.141+0000] {dag.py:3954} INFO - Setting next_dagrun for urbanmove_nightly_pipeline to 2026-06-27 02:00:00+00:00, run_after=2026-06-28 02:00:00+00:00
[2026-06-27T23:29:05.148+0000] {processor.py:183} INFO - Processing /opt/airflow/dags/urbanmove_nightly.py took 0.050 seconds
[2026-06-27T23:29:35.310+0000] {processor.py:161} INFO - Started process (PID=509) to work on /opt/airflow/dags/urbanmove_nightly.py
[2026-06-27T23:29:35.311+0000] {processor.py:830} INFO - Processing file /opt/airflow/dags/urbanmove_nightly.py for tasks to queue
[2026-06-27T23:29:35.312+0000] {logging_mixin.py:188} INFO - [2026-06-27T23:29:35.312+0000] {dagbag.py:545} INFO - Filling up the DagBag from /opt/airflow/dags/urbanmove_nightly.py
[2026-06-27T23:29:35.321+0000] {processor.py:840} INFO - DAG(s) 'urbanmove_nightly_pipeline' retrieved from /opt/airflow/dags/urbanmove_nightly.py
[2026-06-27T23:29:35.337+0000] {logging_mixin.py:188} INFO - [2026-06-27T23:29:35.337+0000] {dag.py:3096} INFO - Sync 1 DAGs
[2026-06-27T23:29:35.346+0000] {logging_mixin.py:188} INFO - [2026-06-27T23:29:35.346+0000] {dag.py:3954} INFO - Setting next_dagrun for urbanmove_nightly_pipeline to 2026-06-27 02:00:00+00:00, run_after=2026-06-28 02:00:00+00:00
[2026-06-27T23:29:35.353+0000] {processor.py:183} INFO - Processing /opt/airflow/dags/urbanmove_nightly.py took 0.048 seconds
[2026-06-27T23:30:05.496+0000] {processor.py:161} INFO - Started process (PID=514) to work on /opt/airflow/dags/urbanmove_nightly.py
[2026-06-27T23:30:05.497+0000] {processor.py:830} INFO - Processing file /opt/airflow/dags/urbanmove_nightly.py for tasks to queue
[2026-06-27T23:30:05.499+0000] {logging_mixin.py:188} INFO - [2026-06-27T23:30:05.498+0000] {dagbag.py:545} INFO - Filling up the DagBag from /opt/airflow/dags/urbanmove_nightly.py
[2026-06-27T23:30:05.507+0000] {processor.py:840} INFO - DAG(s) 'urbanmove_nightly_pipeline' retrieved from /opt/airflow/dags/urbanmove_nightly.py
[2026-06-27T23:30:05.550+0000] {logging_mixin.py:188} INFO - [2026-06-27T23:30:05.549+0000] {dag.py:3096} INFO - Sync 1 DAGs
[2026-06-27T23:30:05.574+0000] {logging_mixin.py:188} INFO - [2026-06-27T23:30:05.574+0000] {dag.py:3954} INFO - Setting next_dagrun for urbanmove_nightly_pipeline to 2026-06-27 02:00:00+00:00, run_after=2026-06-28 02:00:00+00:00
[2026-06-27T23:30:05.603+0000] {processor.py:183} INFO - Processing /opt/airflow/dags/urbanmove_nightly.py took 0.110 seconds
[2026-06-27T23:30:35.672+0000] {processor.py:161} INFO - Started process (PID=519) to work on /opt/airflow/dags/urbanmove_nightly.py
[2026-06-27T23:30:35.673+0000] {processor.py:830} INFO - Processing file /opt/airflow/dags/urbanmove_nightly.py for tasks to queue
[2026-06-27T23:30:35.674+0000] {logging_mixin.py:188} INFO - [2026-06-27T23:30:35.674+0000] {dagbag.py:545} INFO - Filling up the DagBag from /opt/airflow/dags/urbanmove_nightly.py
[2026-06-27T23:30:35.683+0000] {processor.py:840} INFO - DAG(s) 'urbanmove_nightly_pipeline' retrieved from /opt/airflow/dags/urbanmove_nightly.py
[2026-06-27T23:30:35.703+0000] {logging_mixin.py:188} INFO - [2026-06-27T23:30:35.703+0000] {dag.py:3096} INFO - Sync 1 DAGs
[2026-06-27T23:30:35.715+0000] {logging_mixin.py:188} INFO - [2026-06-27T23:30:35.715+0000] {dag.py:3954} INFO - Setting next_dagrun for urbanmove_nightly_pipeline to 2026-06-27 02:00:00+00:00, run_after=2026-06-28 02:00:00+00:00
[2026-06-27T23:30:35.723+0000] {processor.py:183} INFO - Processing /opt/airflow/dags/urbanmove_nightly.py took 0.055 seconds
[2026-06-27T23:31:05.863+0000] {processor.py:161} INFO - Started process (PID=524) to work on /opt/airflow/dags/urbanmove_nightly.py
[2026-06-27T23:31:05.864+0000] {processor.py:830} INFO - Processing file /opt/airflow/dags/urbanmove_nightly.py for tasks to queue
[2026-06-27T23:31:05.865+0000] {logging_mixin.py:188} INFO - [2026-06-27T23:31:05.865+0000] {dagbag.py:545} INFO - Filling up the DagBag from /opt/airflow/dags/urbanmove_nightly.py
[2026-06-27T23:31:05.874+0000] {processor.py:840} INFO - DAG(s) 'urbanmove_nightly_pipeline' retrieved from /opt/airflow/dags/urbanmove_nightly.py
[2026-06-27T23:31:05.891+0000] {logging_mixin.py:188} INFO - [2026-06-27T23:31:05.891+0000] {dag.py:3096} INFO - Sync 1 DAGs
[2026-06-27T23:31:05.901+0000] {logging_mixin.py:188} INFO - [2026-06-27T23:31:05.901+0000] {dag.py:3954} INFO - Setting next_dagrun for urbanmove_nightly_pipeline to 2026-06-27 02:00:00+00:00, run_after=2026-06-28 02:00:00+00:00
[2026-06-27T23:31:05.908+0000] {processor.py:183} INFO - Processing /opt/airflow/dags/urbanmove_nightly.py took 0.051 seconds
[2026-06-27T23:31:36.066+0000] {processor.py:161} INFO - Started process (PID=529) to work on /opt/airflow/dags/urbanmove_nightly.py
[2026-06-27T23:31:36.066+0000] {processor.py:830} INFO - Processing file /opt/airflow/dags/urbanmove_nightly.py for tasks to queue
[2026-06-27T23:31:36.067+0000] {logging_mixin.py:188} INFO - [2026-06-27T23:31:36.067+0000] {dagbag.py:545} INFO - Filling up the DagBag from /opt/airflow/dags/urbanmove_nightly.py
[2026-06-27T23:31:36.072+0000] {processor.py:840} INFO - DAG(s) 'urbanmove_nightly_pipeline' retrieved from /opt/airflow/dags/urbanmove_nightly.py
[2026-06-27T23:31:36.085+0000] {logging_mixin.py:188} INFO - [2026-06-27T23:31:36.085+0000] {dag.py:3096} INFO - Sync 1 DAGs
[2026-06-27T23:31:36.095+0000] {logging_mixin.py:188} INFO - [2026-06-27T23:31:36.095+0000] {dag.py:3954} INFO - Setting next_dagrun for urbanmove_nightly_pipeline to 2026-06-26 02:00:00+00:00, run_after=2026-06-27 02:00:00+00:00
[2026-06-27T23:31:36.102+0000] {processor.py:183} INFO - Processing /opt/airflow/dags/urbanmove_nightly.py took 0.038 seconds
[2026-06-27T23:32:06.330+0000] {processor.py:161} INFO - Started process (PID=590) to work on /opt/airflow/dags/urbanmove_nightly.py
[2026-06-27T23:32:06.330+0000] {processor.py:830} INFO - Processing file /opt/airflow/dags/urbanmove_nightly.py for tasks to queue
[2026-06-27T23:32:06.334+0000] {logging_mixin.py:188} INFO - [2026-06-27T23:32:06.333+0000] {dagbag.py:545} INFO - Filling up the DagBag from /opt/airflow/dags/urbanmove_nightly.py
[2026-06-27T23:32:06.374+0000] {processor.py:840} INFO - DAG(s) 'urbanmove_nightly_pipeline' retrieved from /opt/airflow/dags/urbanmove_nightly.py
[2026-06-27T23:32:06.420+0000] {logging_mixin.py:188} INFO - [2026-06-27T23:32:06.420+0000] {dag.py:3096} INFO - Sync 1 DAGs
[2026-06-27T23:32:06.458+0000] {logging_mixin.py:188} INFO - [2026-06-27T23:32:06.457+0000] {dag.py:3954} INFO - Setting next_dagrun for urbanmove_nightly_pipeline to 2026-06-27 02:00:00+00:00, run_after=2026-06-28 02:00:00+00:00
[2026-06-27T23:32:06.472+0000] {processor.py:183} INFO - Processing /opt/airflow/dags/urbanmove_nightly.py took 0.150 seconds
[2026-06-27T23:32:36.553+0000] {processor.py:161} INFO - Started process (PID=595) to work on /opt/airflow/dags/urbanmove_nightly.py
[2026-06-27T23:32:36.554+0000] {processor.py:830} INFO - Processing file /opt/airflow/dags/urbanmove_nightly.py for tasks to queue
[2026-06-27T23:32:36.556+0000] {logging_mixin.py:188} INFO - [2026-06-27T23:32:36.556+0000] {dagbag.py:545} INFO - Filling up the DagBag from /opt/airflow/dags/urbanmove_nightly.py
[2026-06-27T23:32:36.566+0000] {processor.py:840} INFO - DAG(s) 'urbanmove_nightly_pipeline' retrieved from /opt/airflow/dags/urbanmove_nightly.py
[2026-06-27T23:32:36.585+0000] {logging_mixin.py:188} INFO - [2026-06-27T23:32:36.585+0000] {dag.py:3096} INFO - Sync 1 DAGs
[2026-06-27T23:32:36.595+0000] {logging_mixin.py:188} INFO - [2026-06-27T23:32:36.595+0000] {dag.py:3954} INFO - Setting next_dagrun for urbanmove_nightly_pipeline to 2026-06-27 02:00:00+00:00, run_after=2026-06-28 02:00:00+00:00
[2026-06-27T23:32:36.602+0000] {processor.py:183} INFO - Processing /opt/airflow/dags/urbanmove_nightly.py took 0.055 seconds
[2026-06-27T23:33:06.744+0000] {processor.py:161} INFO - Started process (PID=600) to work on /opt/airflow/dags/urbanmove_nightly.py
[2026-06-27T23:33:06.745+0000] {processor.py:830} INFO - Processing file /opt/airflow/dags/urbanmove_nightly.py for tasks to queue
[2026-06-27T23:33:06.747+0000] {logging_mixin.py:188} INFO - [2026-06-27T23:33:06.746+0000] {dagbag.py:545} INFO - Filling up the DagBag from /opt/airflow/dags/urbanmove_nightly.py
[2026-06-27T23:33:06.757+0000] {processor.py:840} INFO - DAG(s) 'urbanmove_nightly_pipeline' retrieved from /opt/airflow/dags/urbanmove_nightly.py
[2026-06-27T23:33:06.774+0000] {logging_mixin.py:188} INFO - [2026-06-27T23:33:06.774+0000] {dag.py:3096} INFO - Sync 1 DAGs
[2026-06-27T23:33:06.785+0000] {logging_mixin.py:188} INFO - [2026-06-27T23:33:06.785+0000] {dag.py:3954} INFO - Setting next_dagrun for urbanmove_nightly_pipeline to 2026-06-27 02:00:00+00:00, run_after=2026-06-28 02:00:00+00:00
[2026-06-27T23:33:06.792+0000] {processor.py:183} INFO - Processing /opt/airflow/dags/urbanmove_nightly.py took 0.053 seconds
[2026-06-27T23:33:36.939+0000] {processor.py:161} INFO - Started process (PID=605) to work on /opt/airflow/dags/urbanmove_nightly.py
[2026-06-27T23:33:36.940+0000] {processor.py:830} INFO - Processing file /opt/airflow/dags/urbanmove_nightly.py for tasks to queue
[2026-06-27T23:33:36.941+0000] {logging_mixin.py:188} INFO - [2026-06-27T23:33:36.941+0000] {dagbag.py:545} INFO - Filling up the DagBag from /opt/airflow/dags/urbanmove_nightly.py
[2026-06-27T23:33:36.950+0000] {processor.py:840} INFO - DAG(s) 'urbanmove_nightly_pipeline' retrieved from /opt/airflow/dags/urbanmove_nightly.py
[2026-06-27T23:33:36.967+0000] {logging_mixin.py:188} INFO - [2026-06-27T23:33:36.966+0000] {dag.py:3096} INFO - Sync 1 DAGs
[2026-06-27T23:33:36.977+0000] {logging_mixin.py:188} INFO - [2026-06-27T23:33:36.976+0000] {dag.py:3954} INFO - Setting next_dagrun for urbanmove_nightly_pipeline to 2026-06-27 02:00:00+00:00, run_after=2026-06-28 02:00:00+00:00
[2026-06-27T23:33:36.983+0000] {processor.py:183} INFO - Processing /opt/airflow/dags/urbanmove_nightly.py took 0.049 seconds
[2026-06-27T23:34:07.163+0000] {processor.py:161} INFO - Started process (PID=610) to work on /opt/airflow/dags/urbanmove_nightly.py
[2026-06-27T23:34:07.164+0000] {processor.py:830} INFO - Processing file /opt/airflow/dags/urbanmove_nightly.py for tasks to queue
[2026-06-27T23:34:07.165+0000] {logging_mixin.py:188} INFO - [2026-06-27T23:34:07.165+0000] {dagbag.py:545} INFO - Filling up the DagBag from /opt/airflow/dags/urbanmove_nightly.py
[2026-06-27T23:34:07.175+0000] {processor.py:840} INFO - DAG(s) 'urbanmove_nightly_pipeline' retrieved from /opt/airflow/dags/urbanmove_nightly.py
[2026-06-27T23:34:07.192+0000] {logging_mixin.py:188} INFO - [2026-06-27T23:34:07.192+0000] {dag.py:3096} INFO - Sync 1 DAGs
[2026-06-27T23:34:07.202+0000] {logging_mixin.py:188} INFO - [2026-06-27T23:34:07.202+0000] {dag.py:3954} INFO - Setting next_dagrun for urbanmove_nightly_pipeline to 2026-06-27 02:00:00+00:00, run_after=2026-06-28 02:00:00+00:00
[2026-06-27T23:34:07.209+0000] {processor.py:183} INFO - Processing /opt/airflow/dags/urbanmove_nightly.py took 0.051 seconds
[2026-06-27T23:34:37.413+0000] {processor.py:161} INFO - Started process (PID=615) to work on /opt/airflow/dags/urbanmove_nightly.py
[2026-06-27T23:34:37.414+0000] {processor.py:830} INFO - Processing file /opt/airflow/dags/urbanmove_nightly.py for tasks to queue
[2026-06-27T23:34:37.415+0000] {logging_mixin.py:188} INFO - [2026-06-27T23:34:37.415+0000] {dagbag.py:545} INFO - Filling up the DagBag from /opt/airflow/dags/urbanmove_nightly.py
[2026-06-27T23:34:37.424+0000] {processor.py:840} INFO - DAG(s) 'urbanmove_nightly_pipeline' retrieved from /opt/airflow/dags/urbanmove_nightly.py
[2026-06-27T23:34:37.441+0000] {logging_mixin.py:188} INFO - [2026-06-27T23:34:37.441+0000] {dag.py:3096} INFO - Sync 1 DAGs
[2026-06-27T23:34:37.451+0000] {logging_mixin.py:188} INFO - [2026-06-27T23:34:37.451+0000] {dag.py:3954} INFO - Setting next_dagrun for urbanmove_nightly_pipeline to 2026-06-27 02:00:00+00:00, run_after=2026-06-28 02:00:00+00:00
[2026-06-27T23:34:37.457+0000] {processor.py:183} INFO - Processing /opt/airflow/dags/urbanmove_nightly.py took 0.050 seconds
[2026-06-27T23:35:07.616+0000] {processor.py:161} INFO - Started process (PID=620) to work on /opt/airflow/dags/urbanmove_nightly.py
[2026-06-27T23:35:07.617+0000] {processor.py:830} INFO - Processing file /opt/airflow/dags/urbanmove_nightly.py for tasks to queue
[2026-06-27T23:35:07.618+0000] {logging_mixin.py:188} INFO - [2026-06-27T23:35:07.618+0000] {dagbag.py:545} INFO - Filling up the DagBag from /opt/airflow/dags/urbanmove_nightly.py
[2026-06-27T23:35:07.625+0000] {processor.py:840} INFO - DAG(s) 'urbanmove_nightly_pipeline' retrieved from /opt/airflow/dags/urbanmove_nightly.py
[2026-06-27T23:35:07.640+0000] {logging_mixin.py:188} INFO - [2026-06-27T23:35:07.640+0000] {dag.py:3096} INFO - Sync 1 DAGs
[2026-06-27T23:35:07.649+0000] {logging_mixin.py:188} INFO - [2026-06-27T23:35:07.649+0000] {dag.py:3954} INFO - Setting next_dagrun for urbanmove_nightly_pipeline to 2026-06-27 02:00:00+00:00, run_after=2026-06-28 02:00:00+00:00
[2026-06-27T23:35:07.656+0000] {processor.py:183} INFO - Processing /opt/airflow/dags/urbanmove_nightly.py took 0.043 seconds
[2026-06-27T23:35:37.803+0000] {processor.py:161} INFO - Started process (PID=625) to work on /opt/airflow/dags/urbanmove_nightly.py
[2026-06-27T23:35:37.803+0000] {processor.py:830} INFO - Processing file /opt/airflow/dags/urbanmove_nightly.py for tasks to queue
[2026-06-27T23:35:37.805+0000] {logging_mixin.py:188} INFO - [2026-06-27T23:35:37.805+0000] {dagbag.py:545} INFO - Filling up the DagBag from /opt/airflow/dags/urbanmove_nightly.py
[2026-06-27T23:35:37.814+0000] {processor.py:840} INFO - DAG(s) 'urbanmove_nightly_pipeline' retrieved from /opt/airflow/dags/urbanmove_nightly.py
[2026-06-27T23:35:37.830+0000] {logging_mixin.py:188} INFO - [2026-06-27T23:35:37.830+0000] {dag.py:3096} INFO - Sync 1 DAGs
[2026-06-27T23:35:37.840+0000] {logging_mixin.py:188} INFO - [2026-06-27T23:35:37.840+0000] {dag.py:3954} INFO - Setting next_dagrun for urbanmove_nightly_pipeline to 2026-06-27 02:00:00+00:00, run_after=2026-06-28 02:00:00+00:00
[2026-06-27T23:35:37.846+0000] {processor.py:183} INFO - Processing /opt/airflow/dags/urbanmove_nightly.py took 0.049 seconds
[2026-06-27T23:36:08.001+0000] {processor.py:161} INFO - Started process (PID=630) to work on /opt/airflow/dags/urbanmove_nightly.py
[2026-06-27T23:36:08.002+0000] {processor.py:830} INFO - Processing file /opt/airflow/dags/urbanmove_nightly.py for tasks to queue
[2026-06-27T23:36:08.003+0000] {logging_mixin.py:188} INFO - [2026-06-27T23:36:08.003+0000] {dagbag.py:545} INFO - Filling up the DagBag from /opt/airflow/dags/urbanmove_nightly.py
[2026-06-27T23:36:08.012+0000] {processor.py:840} INFO - DAG(s) 'urbanmove_nightly_pipeline' retrieved from /opt/airflow/dags/urbanmove_nightly.py
[2026-06-27T23:36:08.030+0000] {logging_mixin.py:188} INFO - [2026-06-27T23:36:08.030+0000] {dag.py:3096} INFO - Sync 1 DAGs
[2026-06-27T23:36:08.041+0000] {logging_mixin.py:188} INFO - [2026-06-27T23:36:08.041+0000] {dag.py:3954} INFO - Setting next_dagrun for urbanmove_nightly_pipeline to 2026-06-27 02:00:00+00:00, run_after=2026-06-28 02:00:00+00:00
[2026-06-27T23:36:08.048+0000] {processor.py:183} INFO - Processing /opt/airflow/dags/urbanmove_nightly.py took 0.053 seconds
[2026-06-27T23:36:38.180+0000] {processor.py:161} INFO - Started process (PID=635) to work on /opt/airflow/dags/urbanmove_nightly.py
[2026-06-27T23:36:38.180+0000] {processor.py:830} INFO - Processing file /opt/airflow/dags/urbanmove_nightly.py for tasks to queue
[2026-06-27T23:36:38.181+0000] {logging_mixin.py:188} INFO - [2026-06-27T23:36:38.181+0000] {dagbag.py:545} INFO - Filling up the DagBag from /opt/airflow/dags/urbanmove_nightly.py
[2026-06-27T23:36:38.189+0000] {processor.py:840} INFO - DAG(s) 'urbanmove_nightly_pipeline' retrieved from /opt/airflow/dags/urbanmove_nightly.py
[2026-06-27T23:36:38.203+0000] {logging_mixin.py:188} INFO - [2026-06-27T23:36:38.203+0000] {dag.py:3096} INFO - Sync 1 DAGs
[2026-06-27T23:36:38.213+0000] {logging_mixin.py:188} INFO - [2026-06-27T23:36:38.212+0000] {dag.py:3954} INFO - Setting next_dagrun for urbanmove_nightly_pipeline to 2026-06-27 02:00:00+00:00, run_after=2026-06-28 02:00:00+00:00
[2026-06-27T23:36:38.218+0000] {processor.py:183} INFO - Processing /opt/airflow/dags/urbanmove_nightly.py took 0.043 seconds
[2026-06-27T23:37:08.399+0000] {processor.py:161} INFO - Started process (PID=696) to work on /opt/airflow/dags/urbanmove_nightly.py
[2026-06-27T23:37:08.400+0000] {processor.py:830} INFO - Processing file /opt/airflow/dags/urbanmove_nightly.py for tasks to queue
[2026-06-27T23:37:08.402+0000] {logging_mixin.py:188} INFO - [2026-06-27T23:37:08.402+0000] {dagbag.py:545} INFO - Filling up the DagBag from /opt/airflow/dags/urbanmove_nightly.py
[2026-06-27T23:37:08.416+0000] {processor.py:840} INFO - DAG(s) 'urbanmove_nightly_pipeline' retrieved from /opt/airflow/dags/urbanmove_nightly.py
[2026-06-27T23:37:08.437+0000] {logging_mixin.py:188} INFO - [2026-06-27T23:37:08.437+0000] {dag.py:3096} INFO - Sync 1 DAGs
[2026-06-27T23:37:08.447+0000] {logging_mixin.py:188} INFO - [2026-06-27T23:37:08.447+0000] {dag.py:3954} INFO - Setting next_dagrun for urbanmove_nightly_pipeline to 2026-06-27 02:00:00+00:00, run_after=2026-06-28 02:00:00+00:00
[2026-06-27T23:37:08.453+0000] {processor.py:183} INFO - Processing /opt/airflow/dags/urbanmove_nightly.py took 0.060 seconds
[2026-06-27T23:37:38.621+0000] {processor.py:161} INFO - Started process (PID=701) to work on /opt/airflow/dags/urbanmove_nightly.py
[2026-06-27T23:37:38.622+0000] {processor.py:830} INFO - Processing file /opt/airflow/dags/urbanmove_nightly.py for tasks to queue
[2026-06-27T23:37:38.624+0000] {logging_mixin.py:188} INFO - [2026-06-27T23:37:38.623+0000] {dagbag.py:545} INFO - Filling up the DagBag from /opt/airflow/dags/urbanmove_nightly.py
[2026-06-27T23:37:38.633+0000] {processor.py:840} INFO - DAG(s) 'urbanmove_nightly_pipeline' retrieved from /opt/airflow/dags/urbanmove_nightly.py
[2026-06-27T23:37:38.651+0000] {logging_mixin.py:188} INFO - [2026-06-27T23:37:38.651+0000] {dag.py:3096} INFO - Sync 1 DAGs
[2026-06-27T23:37:38.662+0000] {logging_mixin.py:188} INFO - [2026-06-27T23:37:38.662+0000] {dag.py:3954} INFO - Setting next_dagrun for urbanmove_nightly_pipeline to 2026-06-27 02:00:00+00:00, run_after=2026-06-28 02:00:00+00:00
[2026-06-27T23:37:38.668+0000] {processor.py:183} INFO - Processing /opt/airflow/dags/urbanmove_nightly.py took 0.053 seconds
[2026-06-27T23:38:08.843+0000] {processor.py:161} INFO - Started process (PID=706) to work on /opt/airflow/dags/urbanmove_nightly.py
[2026-06-27T23:38:08.844+0000] {processor.py:830} INFO - Processing file /opt/airflow/dags/urbanmove_nightly.py for tasks to queue
[2026-06-27T23:38:08.846+0000] {logging_mixin.py:188} INFO - [2026-06-27T23:38:08.845+0000] {dagbag.py:545} INFO - Filling up the DagBag from /opt/airflow/dags/urbanmove_nightly.py
[2026-06-27T23:38:08.855+0000] {processor.py:840} INFO - DAG(s) 'urbanmove_nightly_pipeline' retrieved from /opt/airflow/dags/urbanmove_nightly.py
[2026-06-27T23:38:08.871+0000] {logging_mixin.py:188} INFO - [2026-06-27T23:38:08.871+0000] {dag.py:3096} INFO - Sync 1 DAGs
[2026-06-27T23:38:08.880+0000] {logging_mixin.py:188} INFO - [2026-06-27T23:38:08.880+0000] {dag.py:3954} INFO - Setting next_dagrun for urbanmove_nightly_pipeline to 2026-06-27 02:00:00+00:00, run_after=2026-06-28 02:00:00+00:00
[2026-06-27T23:38:08.887+0000] {processor.py:183} INFO - Processing /opt/airflow/dags/urbanmove_nightly.py took 0.049 seconds
[2026-06-27T23:38:39.080+0000] {processor.py:161} INFO - Started process (PID=711) to work on /opt/airflow/dags/urbanmove_nightly.py
[2026-06-27T23:38:39.081+0000] {processor.py:830} INFO - Processing file /opt/airflow/dags/urbanmove_nightly.py for tasks to queue
[2026-06-27T23:38:39.083+0000] {logging_mixin.py:188} INFO - [2026-06-27T23:38:39.082+0000] {dagbag.py:545} INFO - Filling up the DagBag from /opt/airflow/dags/urbanmove_nightly.py
[2026-06-27T23:38:39.092+0000] {processor.py:840} INFO - DAG(s) 'urbanmove_nightly_pipeline' retrieved from /opt/airflow/dags/urbanmove_nightly.py
[2026-06-27T23:38:39.110+0000] {logging_mixin.py:188} INFO - [2026-06-27T23:38:39.110+0000] {dag.py:3096} INFO - Sync 1 DAGs
[2026-06-27T23:38:39.120+0000] {logging_mixin.py:188} INFO - [2026-06-27T23:38:39.120+0000] {dag.py:3954} INFO - Setting next_dagrun for urbanmove_nightly_pipeline to 2026-06-27 02:00:00+00:00, run_after=2026-06-28 02:00:00+00:00
[2026-06-27T23:38:39.127+0000] {processor.py:183} INFO - Processing /opt/airflow/dags/urbanmove_nightly.py took 0.053 seconds
[2026-06-27T23:39:09.303+0000] {processor.py:161} INFO - Started process (PID=716) to work on /opt/airflow/dags/urbanmove_nightly.py
[2026-06-27T23:39:09.304+0000] {processor.py:830} INFO - Processing file /opt/airflow/dags/urbanmove_nightly.py for tasks to queue
[2026-06-27T23:39:09.305+0000] {logging_mixin.py:188} INFO - [2026-06-27T23:39:09.305+0000] {dagbag.py:545} INFO - Filling up the DagBag from /opt/airflow/dags/urbanmove_nightly.py
[2026-06-27T23:39:09.312+0000] {processor.py:840} INFO - DAG(s) 'urbanmove_nightly_pipeline' retrieved from /opt/airflow/dags/urbanmove_nightly.py
[2026-06-27T23:39:09.330+0000] {logging_mixin.py:188} INFO - [2026-06-27T23:39:09.329+0000] {dag.py:3096} INFO - Sync 1 DAGs
[2026-06-27T23:39:09.341+0000] {logging_mixin.py:188} INFO - [2026-06-27T23:39:09.340+0000] {dag.py:3954} INFO - Setting next_dagrun for urbanmove_nightly_pipeline to 2026-06-27 02:00:00+00:00, run_after=2026-06-28 02:00:00+00:00
[2026-06-27T23:39:09.348+0000] {processor.py:183} INFO - Processing /opt/airflow/dags/urbanmove_nightly.py took 0.050 seconds
[2026-06-27T23:39:39.510+0000] {processor.py:161} INFO - Started process (PID=721) to work on /opt/airflow/dags/urbanmove_nightly.py
[2026-06-27T23:39:39.511+0000] {processor.py:830} INFO - Processing file /opt/airflow/dags/urbanmove_nightly.py for tasks to queue
[2026-06-27T23:39:39.512+0000] {logging_mixin.py:188} INFO - [2026-06-27T23:39:39.512+0000] {dagbag.py:545} INFO - Filling up the DagBag from /opt/airflow/dags/urbanmove_nightly.py
[2026-06-27T23:39:39.521+0000] {processor.py:840} INFO - DAG(s) 'urbanmove_nightly_pipeline' retrieved from /opt/airflow/dags/urbanmove_nightly.py
[2026-06-27T23:39:39.538+0000] {logging_mixin.py:188} INFO - [2026-06-27T23:39:39.538+0000] {dag.py:3096} INFO - Sync 1 DAGs
[2026-06-27T23:39:39.547+0000] {logging_mixin.py:188} INFO - [2026-06-27T23:39:39.547+0000] {dag.py:3954} INFO - Setting next_dagrun for urbanmove_nightly_pipeline to 2026-06-27 02:00:00+00:00, run_after=2026-06-28 02:00:00+00:00
[2026-06-27T23:39:39.554+0000] {processor.py:183} INFO - Processing /opt/airflow/dags/urbanmove_nightly.py took 0.049 seconds
[2026-06-27T23:40:09.797+0000] {processor.py:161} INFO - Started process (PID=726) to work on /opt/airflow/dags/urbanmove_nightly.py
[2026-06-27T23:40:09.798+0000] {processor.py:830} INFO - Processing file /opt/airflow/dags/urbanmove_nightly.py for tasks to queue
[2026-06-27T23:40:09.801+0000] {logging_mixin.py:188} INFO - [2026-06-27T23:40:09.800+0000] {dagbag.py:545} INFO - Filling up the DagBag from /opt/airflow/dags/urbanmove_nightly.py
[2026-06-27T23:40:09.812+0000] {processor.py:840} INFO - DAG(s) 'urbanmove_nightly_pipeline' retrieved from /opt/airflow/dags/urbanmove_nightly.py
[2026-06-27T23:40:09.830+0000] {logging_mixin.py:188} INFO - [2026-06-27T23:40:09.830+0000] {dag.py:3096} INFO - Sync 1 DAGs
[2026-06-27T23:40:09.839+0000] {logging_mixin.py:188} INFO - [2026-06-27T23:40:09.839+0000] {dag.py:3954} INFO - Setting next_dagrun for urbanmove_nightly_pipeline to 2026-06-27 02:00:00+00:00, run_after=2026-06-28 02:00:00+00:00
[2026-06-27T23:40:09.846+0000] {processor.py:183} INFO - Processing /opt/airflow/dags/urbanmove_nightly.py took 0.055 seconds
[2026-06-27T23:40:39.996+0000] {processor.py:161} INFO - Started process (PID=731) to work on /opt/airflow/dags/urbanmove_nightly.py
[2026-06-27T23:40:39.997+0000] {processor.py:830} INFO - Processing file /opt/airflow/dags/urbanmove_nightly.py for tasks to queue
[2026-06-27T23:40:39.999+0000] {logging_mixin.py:188} INFO - [2026-06-27T23:40:39.998+0000] {dagbag.py:545} INFO - Filling up the DagBag from /opt/airflow/dags/urbanmove_nightly.py
[2026-06-27T23:40:40.008+0000] {processor.py:840} INFO - DAG(s) 'urbanmove_nightly_pipeline' retrieved from /opt/airflow/dags/urbanmove_nightly.py
[2026-06-27T23:40:40.026+0000] {logging_mixin.py:188} INFO - [2026-06-27T23:40:40.026+0000] {dag.py:3096} INFO - Sync 1 DAGs
[2026-06-27T23:40:40.035+0000] {logging_mixin.py:188} INFO - [2026-06-27T23:40:40.035+0000] {dag.py:3954} INFO - Setting next_dagrun for urbanmove_nightly_pipeline to 2026-06-27 02:00:00+00:00, run_after=2026-06-28 02:00:00+00:00
[2026-06-27T23:40:40.042+0000] {processor.py:183} INFO - Processing /opt/airflow/dags/urbanmove_nightly.py took 0.052 seconds
[2026-06-27T23:41:10.188+0000] {processor.py:161} INFO - Started process (PID=736) to work on /opt/airflow/dags/urbanmove_nightly.py
[2026-06-27T23:41:10.189+0000] {processor.py:830} INFO - Processing file /opt/airflow/dags/urbanmove_nightly.py for tasks to queue
[2026-06-27T23:41:10.191+0000] {logging_mixin.py:188} INFO - [2026-06-27T23:41:10.190+0000] {dagbag.py:545} INFO - Filling up the DagBag from /opt/airflow/dags/urbanmove_nightly.py
[2026-06-27T23:41:10.200+0000] {processor.py:840} INFO - DAG(s) 'urbanmove_nightly_pipeline' retrieved from /opt/airflow/dags/urbanmove_nightly.py
[2026-06-27T23:41:10.218+0000] {logging_mixin.py:188} INFO - [2026-06-27T23:41:10.218+0000] {dag.py:3096} INFO - Sync 1 DAGs
[2026-06-27T23:41:10.227+0000] {logging_mixin.py:188} INFO - [2026-06-27T23:41:10.227+0000] {dag.py:3954} INFO - Setting next_dagrun for urbanmove_nightly_pipeline to 2026-06-27 02:00:00+00:00, run_after=2026-06-28 02:00:00+00:00
[2026-06-27T23:41:10.234+0000] {processor.py:183} INFO - Processing /opt/airflow/dags/urbanmove_nightly.py took 0.051 seconds
[2026-06-27T23:41:41.053+0000] {processor.py:161} INFO - Started process (PID=741) to work on /opt/airflow/dags/urbanmove_nightly.py
[2026-06-27T23:41:41.054+0000] {processor.py:830} INFO - Processing file /opt/airflow/dags/urbanmove_nightly.py for tasks to queue
[2026-06-27T23:41:41.056+0000] {logging_mixin.py:188} INFO - [2026-06-27T23:41:41.056+0000] {dagbag.py:545} INFO - Filling up the DagBag from /opt/airflow/dags/urbanmove_nightly.py
[2026-06-27T23:41:41.065+0000] {processor.py:840} INFO - DAG(s) 'urbanmove_nightly_pipeline' retrieved from /opt/airflow/dags/urbanmove_nightly.py
[2026-06-27T23:41:41.084+0000] {logging_mixin.py:188} INFO - [2026-06-27T23:41:41.084+0000] {dag.py:3096} INFO - Sync 1 DAGs
[2026-06-27T23:41:41.093+0000] {logging_mixin.py:188} INFO - [2026-06-27T23:41:41.093+0000] {dag.py:3954} INFO - Setting next_dagrun for urbanmove_nightly_pipeline to 2026-06-27 02:00:00+00:00, run_after=2026-06-28 02:00:00+00:00
[2026-06-27T23:41:41.099+0000] {processor.py:183} INFO - Processing /opt/airflow/dags/urbanmove_nightly.py took 0.051 seconds
[2026-06-27T23:43:45.615+0000] {processor.py:161} INFO - Started process (PID=746) to work on /opt/airflow/dags/urbanmove_nightly.py
[2026-06-27T23:43:45.616+0000] {processor.py:830} INFO - Processing file /opt/airflow/dags/urbanmove_nightly.py for tasks to queue
[2026-06-27T23:43:45.617+0000] {logging_mixin.py:188} INFO - [2026-06-27T23:43:45.617+0000] {dagbag.py:545} INFO - Filling up the DagBag from /opt/airflow/dags/urbanmove_nightly.py
[2026-06-27T23:43:45.625+0000] {processor.py:840} INFO - DAG(s) 'urbanmove_nightly_pipeline' retrieved from /opt/airflow/dags/urbanmove_nightly.py
[2026-06-27T23:43:45.642+0000] {logging_mixin.py:188} INFO - [2026-06-27T23:43:45.642+0000] {dag.py:3096} INFO - Sync 1 DAGs
[2026-06-27T23:43:45.650+0000] {logging_mixin.py:188} INFO - [2026-06-27T23:43:45.650+0000] {dag.py:3954} INFO - Setting next_dagrun for urbanmove_nightly_pipeline to 2026-06-27 02:00:00+00:00, run_after=2026-06-28 02:00:00+00:00
[2026-06-27T23:43:45.656+0000] {processor.py:183} INFO - Processing /opt/airflow/dags/urbanmove_nightly.py took 0.045 seconds
[2026-06-27T23:49:24.309+0000] {processor.py:161} INFO - Started process (PID=751) to work on /opt/airflow/dags/urbanmove_nightly.py
[2026-06-27T23:49:24.310+0000] {processor.py:830} INFO - Processing file /opt/airflow/dags/urbanmove_nightly.py for tasks to queue
[2026-06-27T23:49:24.312+0000] {logging_mixin.py:188} INFO - [2026-06-27T23:49:24.311+0000] {dagbag.py:545} INFO - Filling up the DagBag from /opt/airflow/dags/urbanmove_nightly.py
[2026-06-27T23:49:24.320+0000] {processor.py:840} INFO - DAG(s) 'urbanmove_nightly_pipeline' retrieved from /opt/airflow/dags/urbanmove_nightly.py
[2026-06-27T23:49:24.337+0000] {logging_mixin.py:188} INFO - [2026-06-27T23:49:24.337+0000] {dag.py:3096} INFO - Sync 1 DAGs
[2026-06-27T23:49:24.346+0000] {logging_mixin.py:188} INFO - [2026-06-27T23:49:24.346+0000] {dag.py:3954} INFO - Setting next_dagrun for urbanmove_nightly_pipeline to 2026-06-27 02:00:00+00:00, run_after=2026-06-28 02:00:00+00:00
[2026-06-27T23:49:24.352+0000] {processor.py:183} INFO - Processing /opt/airflow/dags/urbanmove_nightly.py took 0.047 seconds
[2026-06-27T23:51:12.513+0000] {processor.py:161} INFO - Started process (PID=756) to work on /opt/airflow/dags/urbanmove_nightly.py
[2026-06-27T23:51:12.514+0000] {processor.py:830} INFO - Processing file /opt/airflow/dags/urbanmove_nightly.py for tasks to queue
[2026-06-27T23:51:12.516+0000] {logging_mixin.py:188} INFO - [2026-06-27T23:51:12.515+0000] {dagbag.py:545} INFO - Filling up the DagBag from /opt/airflow/dags/urbanmove_nightly.py
[2026-06-27T23:51:12.524+0000] {processor.py:840} INFO - DAG(s) 'urbanmove_nightly_pipeline' retrieved from /opt/airflow/dags/urbanmove_nightly.py
[2026-06-27T23:51:12.542+0000] {logging_mixin.py:188} INFO - [2026-06-27T23:51:12.541+0000] {dag.py:3096} INFO - Sync 1 DAGs
[2026-06-27T23:51:12.550+0000] {logging_mixin.py:188} INFO - [2026-06-27T23:51:12.550+0000] {dag.py:3954} INFO - Setting next_dagrun for urbanmove_nightly_pipeline to 2026-06-27 02:00:00+00:00, run_after=2026-06-28 02:00:00+00:00
[2026-06-27T23:51:12.556+0000] {processor.py:183} INFO - Processing /opt/airflow/dags/urbanmove_nightly.py took 0.048 seconds
[2026-06-27T23:54:07.881+0000] {processor.py:161} INFO - Started process (PID=761) to work on /opt/airflow/dags/urbanmove_nightly.py
[2026-06-27T23:54:07.882+0000] {processor.py:830} INFO - Processing file /opt/airflow/dags/urbanmove_nightly.py for tasks to queue
[2026-06-27T23:54:07.884+0000] {logging_mixin.py:188} INFO - [2026-06-27T23:54:07.884+0000] {dagbag.py:545} INFO - Filling up the DagBag from /opt/airflow/dags/urbanmove_nightly.py
[2026-06-27T23:54:07.894+0000] {processor.py:840} INFO - DAG(s) 'urbanmove_nightly_pipeline' retrieved from /opt/airflow/dags/urbanmove_nightly.py
[2026-06-27T23:54:07.912+0000] {logging_mixin.py:188} INFO - [2026-06-27T23:54:07.912+0000] {dag.py:3096} INFO - Sync 1 DAGs
[2026-06-27T23:54:07.922+0000] {logging_mixin.py:188} INFO - [2026-06-27T23:54:07.922+0000] {dag.py:3954} INFO - Setting next_dagrun for urbanmove_nightly_pipeline to 2026-06-27 02:00:00+00:00, run_after=2026-06-28 02:00:00+00:00
[2026-06-27T23:54:07.928+0000] {processor.py:183} INFO - Processing /opt/airflow/dags/urbanmove_nightly.py took 0.054 seconds
[2026-06-27T23:56:15.139+0000] {processor.py:161} INFO - Started process (PID=766) to work on /opt/airflow/dags/urbanmove_nightly.py
[2026-06-27T23:56:15.140+0000] {processor.py:830} INFO - Processing file /opt/airflow/dags/urbanmove_nightly.py for tasks to queue
[2026-06-27T23:56:15.142+0000] {logging_mixin.py:188} INFO - [2026-06-27T23:56:15.141+0000] {dagbag.py:545} INFO - Filling up the DagBag from /opt/airflow/dags/urbanmove_nightly.py
[2026-06-27T23:56:15.151+0000] {processor.py:840} INFO - DAG(s) 'urbanmove_nightly_pipeline' retrieved from /opt/airflow/dags/urbanmove_nightly.py
[2026-06-27T23:56:15.168+0000] {logging_mixin.py:188} INFO - [2026-06-27T23:56:15.168+0000] {dag.py:3096} INFO - Sync 1 DAGs
[2026-06-27T23:56:15.177+0000] {logging_mixin.py:188} INFO - [2026-06-27T23:56:15.177+0000] {dag.py:3954} INFO - Setting next_dagrun for urbanmove_nightly_pipeline to 2026-06-27 02:00:00+00:00, run_after=2026-06-28 02:00:00+00:00
[2026-06-27T23:56:15.183+0000] {processor.py:183} INFO - Processing /opt/airflow/dags/urbanmove_nightly.py took 0.049 seconds
