[2026-06-28T16:30:30.638+0000] {local_task_job_runner.py:120} INFO - ::group::Pre task execution logs
[2026-06-28T16:30:30.651+0000] {taskinstance.py:2076} INFO - Dependencies all met for dep_context=non-requeueable deps ti=<TaskInstance: urbanmove_nightly_pipeline.dbt_build manual__2026-06-28T16:23:37.512587+00:00 [queued]>
[2026-06-28T16:30:30.654+0000] {taskinstance.py:2076} INFO - Dependencies all met for dep_context=requeueable deps ti=<TaskInstance: urbanmove_nightly_pipeline.dbt_build manual__2026-06-28T16:23:37.512587+00:00 [queued]>
[2026-06-28T16:30:30.654+0000] {taskinstance.py:2306} INFO - Starting attempt 1 of 2
[2026-06-28T16:30:30.658+0000] {taskinstance.py:2330} INFO - Executing <Task(BashOperator): dbt_build> on 2026-06-28 16:23:37.512587+00:00
[2026-06-28T16:30:30.660+0000] {standard_task_runner.py:90} INFO - Running: ['airflow', 'tasks', 'run', 'urbanmove_nightly_pipeline', 'dbt_build', 'manual__2026-06-28T16:23:37.512587+00:00', '--job-id', '9', '--raw', '--subdir', 'DAGS_FOLDER/urbanmove_nightly.py', '--cfg-path', '/tmp/tmpac93sw0u']
[2026-06-28T16:30:30.661+0000] {standard_task_runner.py:91} INFO - Job 9: Subtask dbt_build
[2026-06-28T16:30:30.661+0000] {logging_mixin.py:188} WARNING - /home/airflow/.local/lib/python3.12/site-packages/airflow/task/task_runner/standard_task_runner.py:61 DeprecationWarning: This process (pid=417) is multi-threaded, use of fork() may lead to deadlocks in the child.
[2026-06-28T16:30:30.662+0000] {standard_task_runner.py:63} INFO - Started process 418 to run task
[2026-06-28T16:30:30.679+0000] {task_command.py:426} INFO - Running <TaskInstance: urbanmove_nightly_pipeline.dbt_build manual__2026-06-28T16:23:37.512587+00:00 [running]> on host 12d79e123661
[2026-06-28T16:30:30.714+0000] {taskinstance.py:2648} INFO - Exporting env vars: AIRFLOW_CTX_DAG_OWNER='urbanmove-de' AIRFLOW_CTX_DAG_ID='urbanmove_nightly_pipeline' AIRFLOW_CTX_TASK_ID='dbt_build' AIRFLOW_CTX_EXECUTION_DATE='2026-06-28T16:23:37.512587+00:00' AIRFLOW_CTX_TRY_NUMBER='1' AIRFLOW_CTX_DAG_RUN_ID='manual__2026-06-28T16:23:37.512587+00:00'
[2026-06-28T16:30:30.715+0000] {taskinstance.py:430} INFO - ::endgroup::
[2026-06-28T16:30:30.720+0000] {subprocess.py:63} INFO - Tmp dir root location: /tmp
[2026-06-28T16:30:30.720+0000] {subprocess.py:75} INFO - Running command: ['/usr/bin/bash', '-c', 'echo "SIMULATION: dbt build executed successfully. Analytical models refreshed in target DB."']
[2026-06-28T16:30:30.723+0000] {subprocess.py:86} INFO - Output:
[2026-06-28T16:30:30.724+0000] {subprocess.py:93} INFO - SIMULATION: dbt build executed successfully. Analytical models refreshed in target DB.
[2026-06-28T16:30:30.724+0000] {subprocess.py:97} INFO - Command exited with return code 0
[2026-06-28T16:30:30.724+0000] {taskinstance.py:441} INFO - ::group::Post task execution logs
[2026-06-28T16:30:30.735+0000] {taskinstance.py:1206} INFO - Marking task as SUCCESS. dag_id=urbanmove_nightly_pipeline, task_id=dbt_build, run_id=manual__2026-06-28T16:23:37.512587+00:00, execution_date=20260628T162337, start_date=20260628T163030, end_date=20260628T163030
[2026-06-28T16:30:30.761+0000] {local_task_job_runner.py:240} INFO - Task exited with return code 0
[2026-06-28T16:30:30.768+0000] {taskinstance.py:3498} INFO - 0 downstream tasks scheduled from follow-on schedule check
[2026-06-28T16:30:30.768+0000] {local_task_job_runner.py:222} INFO - ::endgroup::
